20:08:22 **** Build of configuration Debug for project Nucleo-U083RC_-_RNG_and_AES ****
make -j16 all 
arm-none-eabi-gcc "../Drivers/STM32U0xx_HAL_Driver/Src/stm32u0xx_hal.c" -mcpu=cortex-m0plus -std=gnu11 -g3 -DDEBUG -DUSE_NUCLEO_64 -DUSE_HAL_DRIVER -DSTM32U083xx -c -I../Core/Inc -I../Drivers/STM32U0xx_HAL_Driver/Inc -I../Drivers/STM32U0xx_HAL_Driver/Inc/Legacy -I../Drivers/BSP/STM32U0xx_Nucleo -I../Drivers/CMSIS/Device/ST/STM32U0xx/Include -I../Drivers/CMSIS/Include -O0 -ffunction-sections -fdata-sections -Wall -fstack-usage -fcyclomatic-complexity -MMD -MP -MF"Drivers/STM32U0xx_HAL_Driver/Src/stm32u0xx_hal.d" -MT"Drivers/STM32U0xx_HAL_Driver/Src/stm32u0xx_hal.o" --specs=nano.specs -mfloat-abi=soft -mthumb -o "Drivers/STM32U0xx_HAL_Driver/Src/stm32u0xx_hal.o"
arm-none-eabi-gcc "../Drivers/STM32U0xx_HAL_Driver/Src/stm32u0xx_hal_cortex.c" -mcpu=cortex-m0plus -std=gnu11 -g3 -DDEBUG -DUSE_NUCLEO_64 -DUSE_HAL_DRIVER -DSTM32U083xx -c -I../Core/Inc -I../Drivers/STM32U0xx_HAL_Driver/Inc -I../Drivers/STM32U0xx_HAL_Driver/Inc/Legacy -I../Drivers/BSP/STM32U0xx_Nucleo -I../Drivers/CMSIS/Device/ST/STM32U0xx/Include -I../Drivers/CMSIS/Include -O0 -ffunction-sections -fdata-sections -Wall -fstack-usage -fcyclomatic-complexity -MMD -MP -MF"Drivers/STM32U0xx_HAL_Driver/Src/stm32u0xx_hal_cortex.d" -MT"Drivers/STM32U0xx_HAL_Driver/Src/stm32u0xx_hal_cortex.o" --specs=nano.specs -mfloat-abi=soft -mthumb -o "Drivers/STM32U0xx_HAL_Driver/Src/stm32u0xx_hal_cortex.o"
arm-none-eabi-gcc "../Drivers/STM32U0xx_HAL_Driver/Src/stm32u0xx_hal_cryp.c" -mcpu=cortex-m0plus -std=gnu11 -g3 -DDEBUG -DUSE_NUCLEO_64 -DUSE_HAL_DRIVER -DSTM32U083xx -c -I../Core/Inc -I../Drivers/STM32U0xx_HAL_Driver/Inc -I../Drivers/STM32U0xx_HAL_Driver/Inc/Legacy -I../Drivers/BSP/STM32U0xx_Nucleo -I../Drivers/CMSIS/Device/ST/STM32U0xx/Include -I../Drivers/CMSIS/Include -O0 -ffunction-sections -fdata-sections -Wall -fstack-usage -fcyclomatic-complexity -MMD -MP -MF"Drivers/STM32U0xx_HAL_Driver/Src/stm32u0xx_hal_cryp.d" -MT"Drivers/STM32U0xx_HAL_Driver/Src/stm32u0xx_hal_cryp.o" --specs=nano.specs -mfloat-abi=soft -mthumb -o "Drivers/STM32U0xx_HAL_Driver/Src/stm32u0xx_hal_cryp.o"
arm-none-eabi-gcc "../Drivers/STM32U0xx_HAL_Driver/Src/stm32u0xx_hal_cryp_ex.c" -mcpu=cortex-m0plus -std=gnu11 -g3 -DDEBUG -DUSE_NUCLEO_64 -DUSE_HAL_DRIVER -DSTM32U083xx -c -I../Core/Inc -I../Drivers/STM32U0xx_HAL_Driver/Inc -I../Drivers/STM32U0xx_HAL_Driver/Inc/Legacy -I../Drivers/BSP/STM32U0xx_Nucleo -I../Drivers/CMSIS/Device/ST/STM32U0xx/Include -I../Drivers/CMSIS/Include -O0 -ffunction-sections -fdata-sections -Wall -fstack-usage -fcyclomatic-complexity -MMD -MP -MF"Drivers/STM32U0xx_HAL_Driver/Src/stm32u0xx_hal_cryp_ex.d" -MT"Drivers/STM32U0xx_HAL_Driver/Src/stm32u0xx_hal_cryp_ex.o" --specs=nano.specs -mfloat-abi=soft -mthumb -o "Drivers/STM32U0xx_HAL_Driver/Src/stm32u0xx_hal_cryp_ex.o"
arm-none-eabi-gcc "../Drivers/STM32U0xx_HAL_Driver/Src/stm32u0xx_hal_dma.c" -mcpu=cortex-m0plus -std=gnu11 -g3 -DDEBUG -DUSE_NUCLEO_64 -DUSE_HAL_DRIVER -DSTM32U083xx -c -I../Core/Inc -I../Drivers/STM32U0xx_HAL_Driver/Inc -I../Drivers/STM32U0xx_HAL_Driver/Inc/Legacy -I../Drivers/BSP/STM32U0xx_Nucleo -I../Drivers/CMSIS/Device/ST/STM32U0xx/Include -I../Drivers/CMSIS/Include -O0 -ffunction-sections -fdata-sections -Wall -fstack-usage -fcyclomatic-complexity -MMD -MP -MF"Drivers/STM32U0xx_HAL_Driver/Src/stm32u0xx_hal_dma.d" -MT"Drivers/STM32U0xx_HAL_Driver/Src/stm32u0xx_hal_dma.o" --specs=nano.specs -mfloat-abi=soft -mthumb -o "Drivers/STM32U0xx_HAL_Driver/Src/stm32u0xx_hal_dma.o"
arm-none-eabi-gcc "../Drivers/STM32U0xx_HAL_Driver/Src/stm32u0xx_hal_dma_ex.c" -mcpu=cortex-m0plus -std=gnu11 -g3 -DDEBUG -DUSE_NUCLEO_64 -DUSE_HAL_DRIVER -DSTM32U083xx -c -I../Core/Inc -I../Drivers/STM32U0xx_HAL_Driver/Inc -I../Drivers/STM32U0xx_HAL_Driver/Inc/Legacy -I../Drivers/BSP/STM32U0xx_Nucleo -I../Drivers/CMSIS/Device/ST/STM32U0xx/Include -I../Drivers/CMSIS/Include -O0 -ffunction-sections -fdata-sections -Wall -fstack-usage -fcyclomatic-complexity -MMD -MP -MF"Drivers/STM32U0xx_HAL_Driver/Src/stm32u0xx_hal_dma_ex.d" -MT"Drivers/STM32U0xx_HAL_Driver/Src/stm32u0xx_hal_dma_ex.o" --specs=nano.specs -mfloat-abi=soft -mthumb -o "Drivers/STM32U0xx_HAL_Driver/Src/stm32u0xx_hal_dma_ex.o"
arm-none-eabi-gcc "../Drivers/STM32U0xx_HAL_Driver/Src/stm32u0xx_hal_exti.c" -mcpu=cortex-m0plus -std=gnu11 -g3 -DDEBUG -DUSE_NUCLEO_64 -DUSE_HAL_DRIVER -DSTM32U083xx -c -I../Core/Inc -I../Drivers/STM32U0xx_HAL_Driver/Inc -I../Drivers/STM32U0xx_HAL_Driver/Inc/Legacy -I../Drivers/BSP/STM32U0xx_Nucleo -I../Drivers/CMSIS/Device/ST/STM32U0xx/Include -I../Drivers/CMSIS/Include -O0 -ffunction-sections -fdata-sections -Wall -fstack-usage -fcyclomatic-complexity -MMD -MP -MF"Drivers/STM32U0xx_HAL_Driver/Src/stm32u0xx_hal_exti.d" -MT"Drivers/STM32U0xx_HAL_Driver/Src/stm32u0xx_hal_exti.o" --specs=nano.specs -mfloat-abi=soft -mthumb -o "Drivers/STM32U0xx_HAL_Driver/Src/stm32u0xx_hal_exti.o"
arm-none-eabi-gcc "../Drivers/STM32U0xx_HAL_Driver/Src/stm32u0xx_hal_flash.c" -mcpu=cortex-m0plus -std=gnu11 -g3 -DDEBUG -DUSE_NUCLEO_64 -DUSE_HAL_DRIVER -DSTM32U083xx -c -I../Core/Inc -I../Drivers/STM32U0xx_HAL_Driver/Inc -I../Drivers/STM32U0xx_HAL_Driver/Inc/Legacy -I../Drivers/BSP/STM32U0xx_Nucleo -I../Drivers/CMSIS/Device/ST/STM32U0xx/Include -I../Drivers/CMSIS/Include -O0 -ffunction-sections -fdata-sections -Wall -fstack-usage -fcyclomatic-complexity -MMD -MP -MF"Drivers/STM32U0xx_HAL_Driver/Src/stm32u0xx_hal_flash.d" -MT"Drivers/STM32U0xx_HAL_Driver/Src/stm32u0xx_hal_flash.o" --specs=nano.specs -mfloat-abi=soft -mthumb -o "Drivers/STM32U0xx_HAL_Driver/Src/stm32u0xx_hal_flash.o"
arm-none-eabi-gcc "../Drivers/STM32U0xx_HAL_Driver/Src/stm32u0xx_hal_flash_ex.c" -mcpu=cortex-m0plus -std=gnu11 -g3 -DDEBUG -DUSE_NUCLEO_64 -DUSE_HAL_DRIVER -DSTM32U083xx -c -I../Core/Inc -I../Drivers/STM32U0xx_HAL_Driver/Inc -I../Drivers/STM32U0xx_HAL_Driver/Inc/Legacy -I../Drivers/BSP/STM32U0xx_Nucleo -I../Drivers/CMSIS/Device/ST/STM32U0xx/Include -I../Drivers/CMSIS/Include -O0 -ffunction-sections -fdata-sections -Wall -fstack-usage -fcyclomatic-complexity -MMD -MP -MF"Drivers/STM32U0xx_HAL_Driver/Src/stm32u0xx_hal_flash_ex.d" -MT"Drivers/STM32U0xx_HAL_Driver/Src/stm32u0xx_hal_flash_ex.o" --specs=nano.specs -mfloat-abi=soft -mthumb -o "Drivers/STM32U0xx_HAL_Driver/Src/stm32u0xx_hal_flash_ex.o"
arm-none-eabi-gcc "../Drivers/STM32U0xx_HAL_Driver/Src/stm32u0xx_hal_gpio.c" -mcpu=cortex-m0plus -std=gnu11 -g3 -DDEBUG -DUSE_NUCLEO_64 -DUSE_HAL_DRIVER -DSTM32U083xx -c -I../Core/Inc -I../Drivers/STM32U0xx_HAL_Driver/Inc -I../Drivers/STM32U0xx_HAL_Driver/Inc/Legacy -I../Drivers/BSP/STM32U0xx_Nucleo -I../Drivers/CMSIS/Device/ST/STM32U0xx/Include -I../Drivers/CMSIS/Include -O0 -ffunction-sections -fdata-sections -Wall -fstack-usage -fcyclomatic-complexity -MMD -MP -MF"Drivers/STM32U0xx_HAL_Driver/Src/stm32u0xx_hal_gpio.d" -MT"Drivers/STM32U0xx_HAL_Driver/Src/stm32u0xx_hal_gpio.o" --specs=nano.specs -mfloat-abi=soft -mthumb -o "Drivers/STM32U0xx_HAL_Driver/Src/stm32u0xx_hal_gpio.o"
arm-none-eabi-gcc "../Drivers/STM32U0xx_HAL_Driver/Src/stm32u0xx_hal_pwr.c" -mcpu=cortex-m0plus -std=gnu11 -g3 -DDEBUG -DUSE_NUCLEO_64 -DUSE_HAL_DRIVER -DSTM32U083xx -c -I../Core/Inc -I../Drivers/STM32U0xx_HAL_Driver/Inc -I../Drivers/STM32U0xx_HAL_Driver/Inc/Legacy -I../Drivers/BSP/STM32U0xx_Nucleo -I../Drivers/CMSIS/Device/ST/STM32U0xx/Include -I../Drivers/CMSIS/Include -O0 -ffunction-sections -fdata-sections -Wall -fstack-usage -fcyclomatic-complexity -MMD -MP -MF"Drivers/STM32U0xx_HAL_Driver/Src/stm32u0xx_hal_pwr.d" -MT"Drivers/STM32U0xx_HAL_Driver/Src/stm32u0xx_hal_pwr.o" --specs=nano.specs -mfloat-abi=soft -mthumb -o "Drivers/STM32U0xx_HAL_Driver/Src/stm32u0xx_hal_pwr.o"
arm-none-eabi-gcc "../Drivers/STM32U0xx_HAL_Driver/Src/stm32u0xx_hal_pwr_ex.c" -mcpu=cortex-m0plus -std=gnu11 -g3 -DDEBUG -DUSE_NUCLEO_64 -DUSE_HAL_DRIVER -DSTM32U083xx -c -I../Core/Inc -I../Drivers/STM32U0xx_HAL_Driver/Inc -I../Drivers/STM32U0xx_HAL_Driver/Inc/Legacy -I../Drivers/BSP/STM32U0xx_Nucleo -I../Drivers/CMSIS/Device/ST/STM32U0xx/Include -I../Drivers/CMSIS/Include -O0 -ffunction-sections -fdata-sections -Wall -fstack-usage -fcyclomatic-complexity -MMD -MP -MF"Drivers/STM32U0xx_HAL_Driver/Src/stm32u0xx_hal_pwr_ex.d" -MT"Drivers/STM32U0xx_HAL_Driver/Src/stm32u0xx_hal_pwr_ex.o" --specs=nano.specs -mfloat-abi=soft -mthumb -o "Drivers/STM32U0xx_HAL_Driver/Src/stm32u0xx_hal_pwr_ex.o"
arm-none-eabi-gcc "../Drivers/STM32U0xx_HAL_Driver/Src/stm32u0xx_hal_rcc.c" -mcpu=cortex-m0plus -std=gnu11 -g3 -DDEBUG -DUSE_NUCLEO_64 -DUSE_HAL_DRIVER -DSTM32U083xx -c -I../Core/Inc -I../Drivers/STM32U0xx_HAL_Driver/Inc -I../Drivers/STM32U0xx_HAL_Driver/Inc/Legacy -I../Drivers/BSP/STM32U0xx_Nucleo -I../Drivers/CMSIS/Device/ST/STM32U0xx/Include -I../Drivers/CMSIS/Include -O0 -ffunction-sections -fdata-sections -Wall -fstack-usage -fcyclomatic-complexity -MMD -MP -MF"Drivers/STM32U0xx_HAL_Driver/Src/stm32u0xx_hal_rcc.d" -MT"Drivers/STM32U0xx_HAL_Driver/Src/stm32u0xx_hal_rcc.o" --specs=nano.specs -mfloat-abi=soft -mthumb -o "Drivers/STM32U0xx_HAL_Driver/Src/stm32u0xx_hal_rcc.o"
arm-none-eabi-gcc "../Drivers/STM32U0xx_HAL_Driver/Src/stm32u0xx_hal_rcc_ex.c" -mcpu=cortex-m0plus -std=gnu11 -g3 -DDEBUG -DUSE_NUCLEO_64 -DUSE_HAL_DRIVER -DSTM32U083xx -c -I../Core/Inc -I../Drivers/STM32U0xx_HAL_Driver/Inc -I../Drivers/STM32U0xx_HAL_Driver/Inc/Legacy -I../Drivers/BSP/STM32U0xx_Nucleo -I../Drivers/CMSIS/Device/ST/STM32U0xx/Include -I../Drivers/CMSIS/Include -O0 -ffunction-sections -fdata-sections -Wall -fstack-usage -fcyclomatic-complexity -MMD -MP -MF"Drivers/STM32U0xx_HAL_Driver/Src/stm32u0xx_hal_rcc_ex.d" -MT"Drivers/STM32U0xx_HAL_Driver/Src/stm32u0xx_hal_rcc_ex.o" --specs=nano.specs -mfloat-abi=soft -mthumb -o "Drivers/STM32U0xx_HAL_Driver/Src/stm32u0xx_hal_rcc_ex.o"
arm-none-eabi-gcc "../Drivers/STM32U0xx_HAL_Driver/Src/stm32u0xx_hal_rng.c" -mcpu=cortex-m0plus -std=gnu11 -g3 -DDEBUG -DUSE_NUCLEO_64 -DUSE_HAL_DRIVER -DSTM32U083xx -c -I../Core/Inc -I../Drivers/STM32U0xx_HAL_Driver/Inc -I../Drivers/STM32U0xx_HAL_Driver/Inc/Legacy -I../Drivers/BSP/STM32U0xx_Nucleo -I../Drivers/CMSIS/Device/ST/STM32U0xx/Include -I../Drivers/CMSIS/Include -O0 -ffunction-sections -fdata-sections -Wall -fstack-usage -fcyclomatic-complexity -MMD -MP -MF"Drivers/STM32U0xx_HAL_Driver/Src/stm32u0xx_hal_rng.d" -MT"Drivers/STM32U0xx_HAL_Driver/Src/stm32u0xx_hal_rng.o" --specs=nano.specs -mfloat-abi=soft -mthumb -o "Drivers/STM32U0xx_HAL_Driver/Src/stm32u0xx_hal_rng.o"
arm-none-eabi-gcc "../Drivers/STM32U0xx_HAL_Driver/Src/stm32u0xx_hal_rng_ex.c" -mcpu=cortex-m0plus -std=gnu11 -g3 -DDEBUG -DUSE_NUCLEO_64 -DUSE_HAL_DRIVER -DSTM32U083xx -c -I../Core/Inc -I../Drivers/STM32U0xx_HAL_Driver/Inc -I../Drivers/STM32U0xx_HAL_Driver/Inc/Legacy -I../Drivers/BSP/STM32U0xx_Nucleo -I../Drivers/CMSIS/Device/ST/STM32U0xx/Include -I../Drivers/CMSIS/Include -O0 -ffunction-sections -fdata-sections -Wall -fstack-usage -fcyclomatic-complexity -MMD -MP -MF"Drivers/STM32U0xx_HAL_Driver/Src/stm32u0xx_hal_rng_ex.d" -MT"Drivers/STM32U0xx_HAL_Driver/Src/stm32u0xx_hal_rng_ex.o" --specs=nano.specs -mfloat-abi=soft -mthumb -o "Drivers/STM32U0xx_HAL_Driver/Src/stm32u0xx_hal_rng_ex.o"
arm-none-eabi-gcc "../Drivers/STM32U0xx_HAL_Driver/Src/stm32u0xx_hal_uart.c" -mcpu=cortex-m0plus -std=gnu11 -g3 -DDEBUG -DUSE_NUCLEO_64 -DUSE_HAL_DRIVER -DSTM32U083xx -c -I../Core/Inc -I../Drivers/STM32U0xx_HAL_Driver/Inc -I../Drivers/STM32U0xx_HAL_Driver/Inc/Legacy -I../Drivers/BSP/STM32U0xx_Nucleo -I../Drivers/CMSIS/Device/ST/STM32U0xx/Include -I../Drivers/CMSIS/Include -O0 -ffunction-sections -fdata-sections -Wall -fstack-usage -fcyclomatic-complexity -MMD -MP -MF"Drivers/STM32U0xx_HAL_Driver/Src/stm32u0xx_hal_uart.d" -MT"Drivers/STM32U0xx_HAL_Driver/Src/stm32u0xx_hal_uart.o" --specs=nano.specs -mfloat-abi=soft -mthumb -o "Drivers/STM32U0xx_HAL_Driver/Src/stm32u0xx_hal_uart.o"
arm-none-eabi-gcc "../Drivers/STM32U0xx_HAL_Driver/Src/stm32u0xx_hal_uart_ex.c" -mcpu=cortex-m0plus -std=gnu11 -g3 -DDEBUG -DUSE_NUCLEO_64 -DUSE_HAL_DRIVER -DSTM32U083xx -c -I../Core/Inc -I../Drivers/STM32U0xx_HAL_Driver/Inc -I../Drivers/STM32U0xx_HAL_Driver/Inc/Legacy -I../Drivers/BSP/STM32U0xx_Nucleo -I../Drivers/CMSIS/Device/ST/STM32U0xx/Include -I../Drivers/CMSIS/Include -O0 -ffunction-sections -fdata-sections -Wall -fstack-usage -fcyclomatic-complexity -MMD -MP -MF"Drivers/STM32U0xx_HAL_Driver/Src/stm32u0xx_hal_uart_ex.d" -MT"Drivers/STM32U0xx_HAL_Driver/Src/stm32u0xx_hal_uart_ex.o" --specs=nano.specs -mfloat-abi=soft -mthumb -o "Drivers/STM32U0xx_HAL_Driver/Src/stm32u0xx_hal_uart_ex.o"
arm-none-eabi-gcc "../Drivers/STM32U0xx_HAL_Driver/Src/stm32u0xx_hal_usart.c" -mcpu=cortex-m0plus -std=gnu11 -g3 -DDEBUG -DUSE_NUCLEO_64 -DUSE_HAL_DRIVER -DSTM32U083xx -c -I../Core/Inc -I../Drivers/STM32U0xx_HAL_Driver/Inc -I../Drivers/STM32U0xx_HAL_Driver/Inc/Legacy -I../Drivers/BSP/STM32U0xx_Nucleo -I../Drivers/CMSIS/Device/ST/STM32U0xx/Include -I../Drivers/CMSIS/Include -O0 -ffunction-sections -fdata-sections -Wall -fstack-usage -fcyclomatic-complexity -MMD -MP -MF"Drivers/STM32U0xx_HAL_Driver/Src/stm32u0xx_hal_usart.d" -MT"Drivers/STM32U0xx_HAL_Driver/Src/stm32u0xx_hal_usart.o" --specs=nano.specs -mfloat-abi=soft -mthumb -o "Drivers/STM32U0xx_HAL_Driver/Src/stm32u0xx_hal_usart.o"
arm-none-eabi-gcc "../Drivers/STM32U0xx_HAL_Driver/Src/stm32u0xx_hal_usart_ex.c" -mcpu=cortex-m0plus -std=gnu11 -g3 -DDEBUG -DUSE_NUCLEO_64 -DUSE_HAL_DRIVER -DSTM32U083xx -c -I../Core/Inc -I../Drivers/STM32U0xx_HAL_Driver/Inc -I../Drivers/STM32U0xx_HAL_Driver/Inc/Legacy -I../Drivers/BSP/STM32U0xx_Nucleo -I../Drivers/CMSIS/Device/ST/STM32U0xx/Include -I../Drivers/CMSIS/Include -O0 -ffunction-sections -fdata-sections -Wall -fstack-usage -fcyclomatic-complexity -MMD -MP -MF"Drivers/STM32U0xx_HAL_Driver/Src/stm32u0xx_hal_usart_ex.d" -MT"Drivers/STM32U0xx_HAL_Driver/Src/stm32u0xx_hal_usart_ex.o" --specs=nano.specs -mfloat-abi=soft -mthumb -o "Drivers/STM32U0xx_HAL_Driver/Src/stm32u0xx_hal_usart_ex.o"
arm-none-eabi-gcc "../Drivers/STM32U0xx_HAL_Driver/Src/stm32u0xx_ll_rng.c" -mcpu=cortex-m0plus -std=gnu11 -g3 -DDEBUG -DUSE_NUCLEO_64 -DUSE_HAL_DRIVER -DSTM32U083xx -c -I../Core/Inc -I../Drivers/STM32U0xx_HAL_Driver/Inc -I../Drivers/STM32U0xx_HAL_Driver/Inc/Legacy -I../Drivers/BSP/STM32U0xx_Nucleo -I../Drivers/CMSIS/Device/ST/STM32U0xx/Include -I../Drivers/CMSIS/Include -O0 -ffunction-sections -fdata-sections -Wall -fstack-usage -fcyclomatic-complexity -MMD -MP -MF"Drivers/STM32U0xx_HAL_Driver/Src/stm32u0xx_ll_rng.d" -MT"Drivers/STM32U0xx_HAL_Driver/Src/stm32u0xx_ll_rng.o" --specs=nano.specs -mfloat-abi=soft -mthumb -o "Drivers/STM32U0xx_HAL_Driver/Src/stm32u0xx_ll_rng.o"
arm-none-eabi-gcc "../Drivers/BSP/STM32U0xx_Nucleo/stm32u0xx_nucleo.c" -mcpu=cortex-m0plus -std=gnu11 -g3 -DDEBUG -DUSE_NUCLEO_64 -DUSE_HAL_DRIVER -DSTM32U083xx -c -I../Core/Inc -I../Drivers/STM32U0xx_HAL_Driver/Inc -I../Drivers/STM32U0xx_HAL_Driver/Inc/Legacy -I../Drivers/BSP/STM32U0xx_Nucleo -I../Drivers/CMSIS/Device/ST/STM32U0xx/Include -I../Drivers/CMSIS/Include -O0 -ffunction-sections -fdata-sections -Wall -fstack-usage -fcyclomatic-complexity -MMD -MP -MF"Drivers/BSP/STM32U0xx_Nucleo/stm32u0xx_nucleo.d" -MT"Drivers/BSP/STM32U0xx_Nucleo/stm32u0xx_nucleo.o" --specs=nano.specs -mfloat-abi=soft -mthumb -o "Drivers/BSP/STM32U0xx_Nucleo/stm32u0xx_nucleo.o"
arm-none-eabi-gcc -mcpu=cortex-m0plus -g3 -DDEBUG -c -x assembler-with-cpp -MMD -MP -MF"Core/Startup/startup_stm32u083rctx.d" -MT"Core/Startup/startup_stm32u083rctx.o" --specs=nano.specs -mfloat-abi=soft -mthumb -o "Core/Startup/startup_stm32u083rctx.o" "../Core/Startup/startup_stm32u083rctx.s"
arm-none-eabi-gcc "../Core/Src/aes.c" -mcpu=cortex-m0plus -std=gnu11 -g3 -DDEBUG -DUSE_NUCLEO_64 -DUSE_HAL_DRIVER -DSTM32U083xx -c -I../Core/Inc -I../Drivers/STM32U0xx_HAL_Driver/Inc -I../Drivers/STM32U0xx_HAL_Driver/Inc/Legacy -I../Drivers/BSP/STM32U0xx_Nucleo -I../Drivers/CMSIS/Device/ST/STM32U0xx/Include -I../Drivers/CMSIS/Include -O0 -ffunction-sections -fdata-sections -Wall -fstack-usage -fcyclomatic-complexity -MMD -MP -MF"Core/Src/aes.d" -MT"Core/Src/aes.o" --specs=nano.specs -mfloat-abi=soft -mthumb -o "Core/Src/aes.o"
arm-none-eabi-gcc "../Core/Src/dma.c" -mcpu=cortex-m0plus -std=gnu11 -g3 -DDEBUG -DUSE_NUCLEO_64 -DUSE_HAL_DRIVER -DSTM32U083xx -c -I../Core/Inc -I../Drivers/STM32U0xx_HAL_Driver/Inc -I../Drivers/STM32U0xx_HAL_Driver/Inc/Legacy -I../Drivers/BSP/STM32U0xx_Nucleo -I../Drivers/CMSIS/Device/ST/STM32U0xx/Include -I../Drivers/CMSIS/Include -O0 -ffunction-sections -fdata-sections -Wall -fstack-usage -fcyclomatic-complexity -MMD -MP -MF"Core/Src/dma.d" -MT"Core/Src/dma.o" --specs=nano.specs -mfloat-abi=soft -mthumb -o "Core/Src/dma.o"
arm-none-eabi-gcc "../Core/Src/gpio.c" -mcpu=cortex-m0plus -std=gnu11 -g3 -DDEBUG -DUSE_NUCLEO_64 -DUSE_HAL_DRIVER -DSTM32U083xx -c -I../Core/Inc -I../Drivers/STM32U0xx_HAL_Driver/Inc -I../Drivers/STM32U0xx_HAL_Driver/Inc/Legacy -I../Drivers/BSP/STM32U0xx_Nucleo -I../Drivers/CMSIS/Device/ST/STM32U0xx/Include -I../Drivers/CMSIS/Include -O0 -ffunction-sections -fdata-sections -Wall -fstack-usage -fcyclomatic-complexity -MMD -MP -MF"Core/Src/gpio.d" -MT"Core/Src/gpio.o" --specs=nano.specs -mfloat-abi=soft -mthumb -o "Core/Src/gpio.o"
arm-none-eabi-gcc "../Core/Src/main.c" -mcpu=cortex-m0plus -std=gnu11 -g3 -DDEBUG -DUSE_NUCLEO_64 -DUSE_HAL_DRIVER -DSTM32U083xx -c -I../Core/Inc -I../Drivers/STM32U0xx_HAL_Driver/Inc -I../Drivers/STM32U0xx_HAL_Driver/Inc/Legacy -I../Drivers/BSP/STM32U0xx_Nucleo -I../Drivers/CMSIS/Device/ST/STM32U0xx/Include -I../Drivers/CMSIS/Include -O0 -ffunction-sections -fdata-sections -Wall -fstack-usage -fcyclomatic-complexity -MMD -MP -MF"Core/Src/main.d" -MT"Core/Src/main.o" --specs=nano.specs -mfloat-abi=soft -mthumb -o "Core/Src/main.o"
arm-none-eabi-gcc "../Core/Src/rng.c" -mcpu=cortex-m0plus -std=gnu11 -g3 -DDEBUG -DUSE_NUCLEO_64 -DUSE_HAL_DRIVER -DSTM32U083xx -c -I../Core/Inc -I../Drivers/STM32U0xx_HAL_Driver/Inc -I../Drivers/STM32U0xx_HAL_Driver/Inc/Legacy -I../Drivers/BSP/STM32U0xx_Nucleo -I../Drivers/CMSIS/Device/ST/STM32U0xx/Include -I../Drivers/CMSIS/Include -O0 -ffunction-sections -fdata-sections -Wall -fstack-usage -fcyclomatic-complexity -MMD -MP -MF"Core/Src/rng.d" -MT"Core/Src/rng.o" --specs=nano.specs -mfloat-abi=soft -mthumb -o "Core/Src/rng.o"
arm-none-eabi-gcc "../Core/Src/stm32u0xx_hal_msp.c" -mcpu=cortex-m0plus -std=gnu11 -g3 -DDEBUG -DUSE_NUCLEO_64 -DUSE_HAL_DRIVER -DSTM32U083xx -c -I../Core/Inc -I../Drivers/STM32U0xx_HAL_Driver/Inc -I../Drivers/STM32U0xx_HAL_Driver/Inc/Legacy -I../Drivers/BSP/STM32U0xx_Nucleo -I../Drivers/CMSIS/Device/ST/STM32U0xx/Include -I../Drivers/CMSIS/Include -O0 -ffunction-sections -fdata-sections -Wall -fstack-usage -fcyclomatic-complexity -MMD -MP -MF"Core/Src/stm32u0xx_hal_msp.d" -MT"Core/Src/stm32u0xx_hal_msp.o" --specs=nano.specs -mfloat-abi=soft -mthumb -o "Core/Src/stm32u0xx_hal_msp.o"
arm-none-eabi-gcc "../Core/Src/stm32u0xx_it.c" -mcpu=cortex-m0plus -std=gnu11 -g3 -DDEBUG -DUSE_NUCLEO_64 -DUSE_HAL_DRIVER -DSTM32U083xx -c -I../Core/Inc -I../Drivers/STM32U0xx_HAL_Driver/Inc -I../Drivers/STM32U0xx_HAL_Driver/Inc/Legacy -I../Drivers/BSP/STM32U0xx_Nucleo -I../Drivers/CMSIS/Device/ST/STM32U0xx/Include -I../Drivers/CMSIS/Include -O0 -ffunction-sections -fdata-sections -Wall -fstack-usage -fcyclomatic-complexity -MMD -MP -MF"Core/Src/stm32u0xx_it.d" -MT"Core/Src/stm32u0xx_it.o" --specs=nano.specs -mfloat-abi=soft -mthumb -o "Core/Src/stm32u0xx_it.o"
arm-none-eabi-gcc "../Core/Src/syscalls.c" -mcpu=cortex-m0plus -std=gnu11 -g3 -DDEBUG -DUSE_NUCLEO_64 -DUSE_HAL_DRIVER -DSTM32U083xx -c -I../Core/Inc -I../Drivers/STM32U0xx_HAL_Driver/Inc -I../Drivers/STM32U0xx_HAL_Driver/Inc/Legacy -I../Drivers/BSP/STM32U0xx_Nucleo -I../Drivers/CMSIS/Device/ST/STM32U0xx/Include -I../Drivers/CMSIS/Include -O0 -ffunction-sections -fdata-sections -Wall -fstack-usage -fcyclomatic-complexity -MMD -MP -MF"Core/Src/syscalls.d" -MT"Core/Src/syscalls.o" --specs=nano.specs -mfloat-abi=soft -mthumb -o "Core/Src/syscalls.o"
arm-none-eabi-gcc "../Core/Src/sysmem.c" -mcpu=cortex-m0plus -std=gnu11 -g3 -DDEBUG -DUSE_NUCLEO_64 -DUSE_HAL_DRIVER -DSTM32U083xx -c -I../Core/Inc -I../Drivers/STM32U0xx_HAL_Driver/Inc -I../Drivers/STM32U0xx_HAL_Driver/Inc/Legacy -I../Drivers/BSP/STM32U0xx_Nucleo -I../Drivers/CMSIS/Device/ST/STM32U0xx/Include -I../Drivers/CMSIS/Include -O0 -ffunction-sections -fdata-sections -Wall -fstack-usage -fcyclomatic-complexity -MMD -MP -MF"Core/Src/sysmem.d" -MT"Core/Src/sysmem.o" --specs=nano.specs -mfloat-abi=soft -mthumb -o "Core/Src/sysmem.o"
arm-none-eabi-gcc "../Core/Src/system_stm32u0xx.c" -mcpu=cortex-m0plus -std=gnu11 -g3 -DDEBUG -DUSE_NUCLEO_64 -DUSE_HAL_DRIVER -DSTM32U083xx -c -I../Core/Inc -I../Drivers/STM32U0xx_HAL_Driver/Inc -I../Drivers/STM32U0xx_HAL_Driver/Inc/Legacy -I../Drivers/BSP/STM32U0xx_Nucleo -I../Drivers/CMSIS/Device/ST/STM32U0xx/Include -I../Drivers/CMSIS/Include -O0 -ffunction-sections -fdata-sections -Wall -fstack-usage -fcyclomatic-complexity -MMD -MP -MF"Core/Src/system_stm32u0xx.d" -MT"Core/Src/system_stm32u0xx.o" --specs=nano.specs -mfloat-abi=soft -mthumb -o "Core/Src/system_stm32u0xx.o"
arm-none-eabi-gcc -o "Nucleo-U083RC_-_RNG_and_AES.elf" @"objects.list"   -mcpu=cortex-m0plus -T"D:\Users\Nauka\STM32CubeIDE\STM32_Monorepo\Nucleo-U083RC\RNG_and_AES\STM32U083RCTX_FLASH.ld" --specs=nosys.specs -Wl,-Map="Nucleo-U083RC_-_RNG_and_AES.map" -Wl,--gc-sections -static --specs=nano.specs -mfloat-abi=soft -mthumb -Wl,--start-group -lc -lm -Wl,--end-group
Finished building target: Nucleo-U083RC_-_RNG_and_AES.elf
 
arm-none-eabi-size  Nucleo-U083RC_-_RNG_and_AES.elf 
arm-none-eabi-objdump -h -S Nucleo-U083RC_-_RNG_and_AES.elf  > "Nucleo-U083RC_-_RNG_and_AES.list"
   text	   data	    bss	    dec	    hex	filename
  30604	    188	   2476	  33268	   81f4	Nucleo-U083RC_-_RNG_and_AES.elf
Finished building: default.size.stdout
 
Finished building: Nucleo-U083RC_-_RNG_and_AES.list
 
21:01:25 **** Incremental Build of configuration Debug for project Nucleo-U083RC_-_RNG_and_AES ****
make -j16 all 
arm-none-eabi-gcc "../Core/Src/aes.c" -mcpu=cortex-m0plus -std=gnu11 -g3 -DDEBUG -DUSE_NUCLEO_64 -DUSE_HAL_DRIVER -DSTM32U083xx -c -I../Core/Inc -I../Drivers/STM32U0xx_HAL_Driver/Inc -I../Drivers/STM32U0xx_HAL_Driver/Inc/Legacy -I../Drivers/BSP/STM32U0xx_Nucleo -I../Drivers/CMSIS/Device/ST/STM32U0xx/Include -I../Drivers/CMSIS/Include -O0 -ffunction-sections -fdata-sections -Wall -fstack-usage -fcyclomatic-complexity -MMD -MP -MF"Core/Src/aes.d" -MT"Core/Src/aes.o" --specs=nano.specs -mfloat-abi=soft -mthumb -o "Core/Src/aes.o"
arm-none-eabi-gcc "../Core/Src/dma.c" -mcpu=cortex-m0plus -std=gnu11 -g3 -DDEBUG -DUSE_NUCLEO_64 -DUSE_HAL_DRIVER -DSTM32U083xx -c -I../Core/Inc -I../Drivers/STM32U0xx_HAL_Driver/Inc -I../Drivers/STM32U0xx_HAL_Driver/Inc/Legacy -I../Drivers/BSP/STM32U0xx_Nucleo -I../Drivers/CMSIS/Device/ST/STM32U0xx/Include -I../Drivers/CMSIS/Include -O0 -ffunction-sections -fdata-sections -Wall -fstack-usage -fcyclomatic-complexity -MMD -MP -MF"Core/Src/dma.d" -MT"Core/Src/dma.o" --specs=nano.specs -mfloat-abi=soft -mthumb -o "Core/Src/dma.o"
arm-none-eabi-gcc "../Core/Src/gpio.c" -mcpu=cortex-m0plus -std=gnu11 -g3 -DDEBUG -DUSE_NUCLEO_64 -DUSE_HAL_DRIVER -DSTM32U083xx -c -I../Core/Inc -I../Drivers/STM32U0xx_HAL_Driver/Inc -I../Drivers/STM32U0xx_HAL_Driver/Inc/Legacy -I../Drivers/BSP/STM32U0xx_Nucleo -I../Drivers/CMSIS/Device/ST/STM32U0xx/Include -I../Drivers/CMSIS/Include -O0 -ffunction-sections -fdata-sections -Wall -fstack-usage -fcyclomatic-complexity -MMD -MP -MF"Core/Src/gpio.d" -MT"Core/Src/gpio.o" --specs=nano.specs -mfloat-abi=soft -mthumb -o "Core/Src/gpio.o"
arm-none-eabi-gcc "../Core/Src/main.c" -mcpu=cortex-m0plus -std=gnu11 -g3 -DDEBUG -DUSE_NUCLEO_64 -DUSE_HAL_DRIVER -DSTM32U083xx -c -I../Core/Inc -I../Drivers/STM32U0xx_HAL_Driver/Inc -I../Drivers/STM32U0xx_HAL_Driver/Inc/Legacy -I../Drivers/BSP/STM32U0xx_Nucleo -I../Drivers/CMSIS/Device/ST/STM32U0xx/Include -I../Drivers/CMSIS/Include -O0 -ffunction-sections -fdata-sections -Wall -fstack-usage -fcyclomatic-complexity -MMD -MP -MF"Core/Src/main.d" -MT"Core/Src/main.o" --specs=nano.specs -mfloat-abi=soft -mthumb -o "Core/Src/main.o"
arm-none-eabi-gcc "../Core/Src/rng.c" -mcpu=cortex-m0plus -std=gnu11 -g3 -DDEBUG -DUSE_NUCLEO_64 -DUSE_HAL_DRIVER -DSTM32U083xx -c -I../Core/Inc -I../Drivers/STM32U0xx_HAL_Driver/Inc -I../Drivers/STM32U0xx_HAL_Driver/Inc/Legacy -I../Drivers/BSP/STM32U0xx_Nucleo -I../Drivers/CMSIS/Device/ST/STM32U0xx/Include -I../Drivers/CMSIS/Include -O0 -ffunction-sections -fdata-sections -Wall -fstack-usage -fcyclomatic-complexity -MMD -MP -MF"Core/Src/rng.d" -MT"Core/Src/rng.o" --specs=nano.specs -mfloat-abi=soft -mthumb -o "Core/Src/rng.o"
arm-none-eabi-gcc "../Core/Src/rngForAes.c" -mcpu=cortex-m0plus -std=gnu11 -g3 -DDEBUG -DUSE_NUCLEO_64 -DUSE_HAL_DRIVER -DSTM32U083xx -c -I../Core/Inc -I../Drivers/STM32U0xx_HAL_Driver/Inc -I../Drivers/STM32U0xx_HAL_Driver/Inc/Legacy -I../Drivers/BSP/STM32U0xx_Nucleo -I../Drivers/CMSIS/Device/ST/STM32U0xx/Include -I../Drivers/CMSIS/Include -O0 -ffunction-sections -fdata-sections -Wall -fstack-usage -fcyclomatic-complexity -MMD -MP -MF"Core/Src/rngForAes.d" -MT"Core/Src/rngForAes.o" --specs=nano.specs -mfloat-abi=soft -mthumb -o "Core/Src/rngForAes.o"
arm-none-eabi-gcc "../Core/Src/stm32u0xx_hal_msp.c" -mcpu=cortex-m0plus -std=gnu11 -g3 -DDEBUG -DUSE_NUCLEO_64 -DUSE_HAL_DRIVER -DSTM32U083xx -c -I../Core/Inc -I../Drivers/STM32U0xx_HAL_Driver/Inc -I../Drivers/STM32U0xx_HAL_Driver/Inc/Legacy -I../Drivers/BSP/STM32U0xx_Nucleo -I../Drivers/CMSIS/Device/ST/STM32U0xx/Include -I../Drivers/CMSIS/Include -O0 -ffunction-sections -fdata-sections -Wall -fstack-usage -fcyclomatic-complexity -MMD -MP -MF"Core/Src/stm32u0xx_hal_msp.d" -MT"Core/Src/stm32u0xx_hal_msp.o" --specs=nano.specs -mfloat-abi=soft -mthumb -o "Core/Src/stm32u0xx_hal_msp.o"
arm-none-eabi-gcc "../Core/Src/stm32u0xx_it.c" -mcpu=cortex-m0plus -std=gnu11 -g3 -DDEBUG -DUSE_NUCLEO_64 -DUSE_HAL_DRIVER -DSTM32U083xx -c -I../Core/Inc -I../Drivers/STM32U0xx_HAL_Driver/Inc -I../Drivers/STM32U0xx_HAL_Driver/Inc/Legacy -I../Drivers/BSP/STM32U0xx_Nucleo -I../Drivers/CMSIS/Device/ST/STM32U0xx/Include -I../Drivers/CMSIS/Include -O0 -ffunction-sections -fdata-sections -Wall -fstack-usage -fcyclomatic-complexity -MMD -MP -MF"Core/Src/stm32u0xx_it.d" -MT"Core/Src/stm32u0xx_it.o" --specs=nano.specs -mfloat-abi=soft -mthumb -o "Core/Src/stm32u0xx_it.o"
arm-none-eabi-gcc "../Core/Src/syscalls.c" -mcpu=cortex-m0plus -std=gnu11 -g3 -DDEBUG -DUSE_NUCLEO_64 -DUSE_HAL_DRIVER -DSTM32U083xx -c -I../Core/Inc -I../Drivers/STM32U0xx_HAL_Driver/Inc -I../Drivers/STM32U0xx_HAL_Driver/Inc/Legacy -I../Drivers/BSP/STM32U0xx_Nucleo -I../Drivers/CMSIS/Device/ST/STM32U0xx/Include -I../Drivers/CMSIS/Include -O0 -ffunction-sections -fdata-sections -Wall -fstack-usage -fcyclomatic-complexity -MMD -MP -MF"Core/Src/syscalls.d" -MT"Core/Src/syscalls.o" --specs=nano.specs -mfloat-abi=soft -mthumb -o "Core/Src/syscalls.o"
arm-none-eabi-gcc "../Core/Src/sysmem.c" -mcpu=cortex-m0plus -std=gnu11 -g3 -DDEBUG -DUSE_NUCLEO_64 -DUSE_HAL_DRIVER -DSTM32U083xx -c -I../Core/Inc -I../Drivers/STM32U0xx_HAL_Driver/Inc -I../Drivers/STM32U0xx_HAL_Driver/Inc/Legacy -I../Drivers/BSP/STM32U0xx_Nucleo -I../Drivers/CMSIS/Device/ST/STM32U0xx/Include -I../Drivers/CMSIS/Include -O0 -ffunction-sections -fdata-sections -Wall -fstack-usage -fcyclomatic-complexity -MMD -MP -MF"Core/Src/sysmem.d" -MT"Core/Src/sysmem.o" --specs=nano.specs -mfloat-abi=soft -mthumb -o "Core/Src/sysmem.o"
arm-none-eabi-gcc "../Core/Src/system_stm32u0xx.c" -mcpu=cortex-m0plus -std=gnu11 -g3 -DDEBUG -DUSE_NUCLEO_64 -DUSE_HAL_DRIVER -DSTM32U083xx -c -I../Core/Inc -I../Drivers/STM32U0xx_HAL_Driver/Inc -I../Drivers/STM32U0xx_HAL_Driver/Inc/Legacy -I../Drivers/BSP/STM32U0xx_Nucleo -I../Drivers/CMSIS/Device/ST/STM32U0xx/Include -I../Drivers/CMSIS/Include -O0 -ffunction-sections -fdata-sections -Wall -fstack-usage -fcyclomatic-complexity -MMD -MP -MF"Core/Src/system_stm32u0xx.d" -MT"Core/Src/system_stm32u0xx.o" --specs=nano.specs -mfloat-abi=soft -mthumb -o "Core/Src/system_stm32u0xx.o"
../Core/Src/rngForAes.c: In function 'SecureComms_GenerateNewIV':
../Core/Src/rngForAes.c:13:42: error: 'pInitVectAES' undeclared (first use in this function); did you mean 'pInitVectAESSize'?
   13 |         size_t pInitVectAESSize = sizeof(pInitVectAES);
      |                                          ^~~~~~~~~~~~
      |                                          pInitVectAESSize
../Core/Src/rngForAes.c:13:42: note: each undeclared identifier is reported only once for each function it appears in
make: *** [Core/Src/subdir.mk:49: Core/Src/rngForAes.o] Error 1
make: *** Waiting for unfinished jobs....
"make -j16 all" terminated with exit code 2. Build might be incomplete.
21:02:37 **** Incremental Build of configuration Debug for project Nucleo-U083RC_-_RNG_and_AES ****
make -j16 all 
arm-none-eabi-gcc "../Core/Src/rngForAes.c" -mcpu=cortex-m0plus -std=gnu11 -g3 -DDEBUG -DUSE_NUCLEO_64 -DUSE_HAL_DRIVER -DSTM32U083xx -c -I../Core/Inc -I../Drivers/STM32U0xx_HAL_Driver/Inc -I../Drivers/STM32U0xx_HAL_Driver/Inc/Legacy -I../Drivers/BSP/STM32U0xx_Nucleo -I../Drivers/CMSIS/Device/ST/STM32U0xx/Include -I../Drivers/CMSIS/Include -O0 -ffunction-sections -fdata-sections -Wall -fstack-usage -fcyclomatic-complexity -MMD -MP -MF"Core/Src/rngForAes.d" -MT"Core/Src/rngForAes.o" --specs=nano.specs -mfloat-abi=soft -mthumb -o "Core/Src/rngForAes.o"
arm-none-eabi-gcc -o "Nucleo-U083RC_-_RNG_and_AES.elf" @"objects.list"   -mcpu=cortex-m0plus -T"D:\Users\Nauka\STM32CubeIDE\STM32_Monorepo\Nucleo-U083RC\RNG_and_AES\STM32U083RCTX_FLASH.ld" --specs=nosys.specs -Wl,-Map="Nucleo-U083RC_-_RNG_and_AES.map" -Wl,--gc-sections -static --specs=nano.specs -mfloat-abi=soft -mthumb -Wl,--start-group -lc -lm -Wl,--end-group
Finished building target: Nucleo-U083RC_-_RNG_and_AES.elf
 
arm-none-eabi-size  Nucleo-U083RC_-_RNG_and_AES.elf 
arm-none-eabi-objdump -h -S Nucleo-U083RC_-_RNG_and_AES.elf  > "Nucleo-U083RC_-_RNG_and_AES.list"
   text	   data	    bss	    dec	    hex	filename
  30604	    188	   2476	  33268	   81f4	Nucleo-U083RC_-_RNG_and_AES.elf
Finished building: default.size.stdout
 
Finished building: Nucleo-U083RC_-_RNG_and_AES.list
 
21:10:30 **** Incremental Build of configuration Debug for project Nucleo-U083RC_-_RNG_and_AES ****
make -j16 all 
arm-none-eabi-gcc "../Core/Src/main.c" -mcpu=cortex-m0plus -std=gnu11 -g3 -DDEBUG -DUSE_NUCLEO_64 -DUSE_HAL_DRIVER -DSTM32U083xx -c -I../Core/Inc -I../Drivers/STM32U0xx_HAL_Driver/Inc -I../Drivers/STM32U0xx_HAL_Driver/Inc/Legacy -I../Drivers/BSP/STM32U0xx_Nucleo -I../Drivers/CMSIS/Device/ST/STM32U0xx/Include -I../Drivers/CMSIS/Include -O0 -ffunction-sections -fdata-sections -Wall -fstack-usage -fcyclomatic-complexity -MMD -MP -MF"Core/Src/main.d" -MT"Core/Src/main.o" --specs=nano.specs -mfloat-abi=soft -mthumb -o "Core/Src/main.o"
arm-none-eabi-gcc "../Core/Src/rngForAes.c" -mcpu=cortex-m0plus -std=gnu11 -g3 -DDEBUG -DUSE_NUCLEO_64 -DUSE_HAL_DRIVER -DSTM32U083xx -c -I../Core/Inc -I../Drivers/STM32U0xx_HAL_Driver/Inc -I../Drivers/STM32U0xx_HAL_Driver/Inc/Legacy -I../Drivers/BSP/STM32U0xx_Nucleo -I../Drivers/CMSIS/Device/ST/STM32U0xx/Include -I../Drivers/CMSIS/Include -O0 -ffunction-sections -fdata-sections -Wall -fstack-usage -fcyclomatic-complexity -MMD -MP -MF"Core/Src/rngForAes.d" -MT"Core/Src/rngForAes.o" --specs=nano.specs -mfloat-abi=soft -mthumb -o "Core/Src/rngForAes.o"
arm-none-eabi-gcc -o "Nucleo-U083RC_-_RNG_and_AES.elf" @"objects.list"   -mcpu=cortex-m0plus -T"D:\Users\Nauka\STM32CubeIDE\STM32_Monorepo\Nucleo-U083RC\RNG_and_AES\STM32U083RCTX_FLASH.ld" --specs=nosys.specs -Wl,-Map="Nucleo-U083RC_-_RNG_and_AES.map" -Wl,--gc-sections -static --specs=nano.specs -mfloat-abi=soft -mthumb -Wl,--start-group -lc -lm -Wl,--end-group
Finished building target: Nucleo-U083RC_-_RNG_and_AES.elf
 
arm-none-eabi-size  Nucleo-U083RC_-_RNG_and_AES.elf 
arm-none-eabi-objdump -h -S Nucleo-U083RC_-_RNG_and_AES.elf  > "Nucleo-U083RC_-_RNG_and_AES.list"
   text	   data	    bss	    dec	    hex	filename
  30604	    188	   2476	  33268	   81f4	Nucleo-U083RC_-_RNG_and_AES.elf
Finished building: default.size.stdout
 
Finished building: Nucleo-U083RC_-_RNG_and_AES.list
 
21:27:06 **** Incremental Build of configuration Debug for project Nucleo-U083RC_-_RNG_and_AES ****
make -j16 all 
arm-none-eabi-gcc "../Core/Src/main.c" -mcpu=cortex-m0plus -std=gnu11 -g3 -DDEBUG -DUSE_NUCLEO_64 -DUSE_HAL_DRIVER -DSTM32U083xx -c -I../Core/Inc -I../Drivers/STM32U0xx_HAL_Driver/Inc -I../Drivers/STM32U0xx_HAL_Driver/Inc/Legacy -I../Drivers/BSP/STM32U0xx_Nucleo -I../Drivers/CMSIS/Device/ST/STM32U0xx/Include -I../Drivers/CMSIS/Include -O0 -ffunction-sections -fdata-sections -Wall -fstack-usage -fcyclomatic-complexity -MMD -MP -MF"Core/Src/main.d" -MT"Core/Src/main.o" --specs=nano.specs -mfloat-abi=soft -mthumb -o "Core/Src/main.o"
arm-none-eabi-gcc "../Core/Src/rng.c" -mcpu=cortex-m0plus -std=gnu11 -g3 -DDEBUG -DUSE_NUCLEO_64 -DUSE_HAL_DRIVER -DSTM32U083xx -c -I../Core/Inc -I../Drivers/STM32U0xx_HAL_Driver/Inc -I../Drivers/STM32U0xx_HAL_Driver/Inc/Legacy -I../Drivers/BSP/STM32U0xx_Nucleo -I../Drivers/CMSIS/Device/ST/STM32U0xx/Include -I../Drivers/CMSIS/Include -O0 -ffunction-sections -fdata-sections -Wall -fstack-usage -fcyclomatic-complexity -MMD -MP -MF"Core/Src/rng.d" -MT"Core/Src/rng.o" --specs=nano.specs -mfloat-abi=soft -mthumb -o "Core/Src/rng.o"
arm-none-eabi-gcc "../Core/Src/rngForAes.c" -mcpu=cortex-m0plus -std=gnu11 -g3 -DDEBUG -DUSE_NUCLEO_64 -DUSE_HAL_DRIVER -DSTM32U083xx -c -I../Core/Inc -I../Drivers/STM32U0xx_HAL_Driver/Inc -I../Drivers/STM32U0xx_HAL_Driver/Inc/Legacy -I../Drivers/BSP/STM32U0xx_Nucleo -I../Drivers/CMSIS/Device/ST/STM32U0xx/Include -I../Drivers/CMSIS/Include -O0 -ffunction-sections -fdata-sections -Wall -fstack-usage -fcyclomatic-complexity -MMD -MP -MF"Core/Src/rngForAes.d" -MT"Core/Src/rngForAes.o" --specs=nano.specs -mfloat-abi=soft -mthumb -o "Core/Src/rngForAes.o"
../Core/Src/main.c: In function 'main':
../Core/Src/main.c:175:17: error: implicit declaration of function 'SecureComms_GenerateNewIV' [-Wimplicit-function-declaration]
  175 |                 SecureComms_GenerateNewIV(); //randomly generated IV
      |                 ^~~~~~~~~~~~~~~~~~~~~~~~~
../Core/Src/main.c:176:60: error: 'pInitVectAES' undeclared (first use in this function)
  176 |                 printf("New IV: %08lX%08lX%08lX%08lX\r\n", pInitVectAES[0], pInitVectAES[1], pInitVectAES[2], pInitVectAES[3]);
      |                                                            ^~~~~~~~~~~~
../Core/Src/main.c:176:60: note: each undeclared identifier is reported only once for each function it appears in
make: *** [Core/Src/subdir.mk:49: Core/Src/main.o] Error 1
make: *** Waiting for unfinished jobs....
"make -j16 all" terminated with exit code 2. Build might be incomplete.
21:28:00 **** Incremental Build of configuration Debug for project Nucleo-U083RC_-_RNG_and_AES ****
make -j16 all 
arm-none-eabi-gcc "../Core/Src/main.c" -mcpu=cortex-m0plus -std=gnu11 -g3 -DDEBUG -DUSE_NUCLEO_64 -DUSE_HAL_DRIVER -DSTM32U083xx -c -I../Core/Inc -I../Drivers/STM32U0xx_HAL_Driver/Inc -I../Drivers/STM32U0xx_HAL_Driver/Inc/Legacy -I../Drivers/BSP/STM32U0xx_Nucleo -I../Drivers/CMSIS/Device/ST/STM32U0xx/Include -I../Drivers/CMSIS/Include -O0 -ffunction-sections -fdata-sections -Wall -fstack-usage -fcyclomatic-complexity -MMD -MP -MF"Core/Src/main.d" -MT"Core/Src/main.o" --specs=nano.specs -mfloat-abi=soft -mthumb -o "Core/Src/main.o"
../Core/Src/main.c: In function 'main':
../Core/Src/main.c:175:17: error: implicit declaration of function 'SecureComms_GenerateNewIV' [-Wimplicit-function-declaration]
  175 |                 SecureComms_GenerateNewIV(); //randomly generated IV
      |                 ^~~~~~~~~~~~~~~~~~~~~~~~~
make: *** [Core/Src/subdir.mk:49: Core/Src/main.o] Error 1
"make -j16 all" terminated with exit code 2. Build might be incomplete.
21:28:14 **** Incremental Build of configuration Debug for project Nucleo-U083RC_-_RNG_and_AES ****
make -j16 all 
arm-none-eabi-gcc "../Core/Src/main.c" -mcpu=cortex-m0plus -std=gnu11 -g3 -DDEBUG -DUSE_NUCLEO_64 -DUSE_HAL_DRIVER -DSTM32U083xx -c -I../Core/Inc -I../Drivers/STM32U0xx_HAL_Driver/Inc -I../Drivers/STM32U0xx_HAL_Driver/Inc/Legacy -I../Drivers/BSP/STM32U0xx_Nucleo -I../Drivers/CMSIS/Device/ST/STM32U0xx/Include -I../Drivers/CMSIS/Include -O0 -ffunction-sections -fdata-sections -Wall -fstack-usage -fcyclomatic-complexity -MMD -MP -MF"Core/Src/main.d" -MT"Core/Src/main.o" --specs=nano.specs -mfloat-abi=soft -mthumb -o "Core/Src/main.o"
arm-none-eabi-gcc -o "Nucleo-U083RC_-_RNG_and_AES.elf" @"objects.list"   -mcpu=cortex-m0plus -T"D:\Users\Nauka\STM32CubeIDE\STM32_Monorepo\Nucleo-U083RC\RNG_and_AES\STM32U083RCTX_FLASH.ld" --specs=nosys.specs -Wl,-Map="Nucleo-U083RC_-_RNG_and_AES.map" -Wl,--gc-sections -static --specs=nano.specs -mfloat-abi=soft -mthumb -Wl,--start-group -lc -lm -Wl,--end-group
Finished building target: Nucleo-U083RC_-_RNG_and_AES.elf
 
arm-none-eabi-size  Nucleo-U083RC_-_RNG_and_AES.elf 
arm-none-eabi-objdump -h -S Nucleo-U083RC_-_RNG_and_AES.elf  > "Nucleo-U083RC_-_RNG_and_AES.list"
   text	   data	    bss	    dec	    hex	filename
  31148	    188	   2476	  33812	   8414	Nucleo-U083RC_-_RNG_and_AES.elf
Finished building: default.size.stdout
 
Finished building: Nucleo-U083RC_-_RNG_and_AES.list
 
21:35:57 **** Incremental Build of configuration Debug for project Nucleo-U083RC_-_RNG_and_AES ****
make -j16 all 
arm-none-eabi-size  Nucleo-U083RC_-_RNG_and_AES.elf 
   text	   data	    bss	    dec	    hex	filename
  31148	    188	   2476	  33812	   8414	Nucleo-U083RC_-_RNG_and_AES.elf
Finished building: default.size.stdout
 
21:41:06 **** Incremental Build of configuration Debug for project Nucleo-U083RC_-_RNG_and_AES ****
make -j16 all 
arm-none-eabi-gcc "../Core/Src/main.c" -mcpu=cortex-m0plus -std=gnu11 -g3 -DDEBUG -DUSE_NUCLEO_64 -DUSE_HAL_DRIVER -DSTM32U083xx -c -I../Core/Inc -I../Drivers/STM32U0xx_HAL_Driver/Inc -I../Drivers/STM32U0xx_HAL_Driver/Inc/Legacy -I../Drivers/BSP/STM32U0xx_Nucleo -I../Drivers/CMSIS/Device/ST/STM32U0xx/Include -I../Drivers/CMSIS/Include -O0 -ffunction-sections -fdata-sections -Wall -fstack-usage -fcyclomatic-complexity -MMD -MP -MF"Core/Src/main.d" -MT"Core/Src/main.o" --specs=nano.specs -mfloat-abi=soft -mthumb -o "Core/Src/main.o"
arm-none-eabi-gcc -o "Nucleo-U083RC_-_RNG_and_AES.elf" @"objects.list"   -mcpu=cortex-m0plus -T"D:\Users\Nauka\STM32CubeIDE\STM32_Monorepo\Nucleo-U083RC\RNG_and_AES\STM32U083RCTX_FLASH.ld" --specs=nosys.specs -Wl,-Map="Nucleo-U083RC_-_RNG_and_AES.map" -Wl,--gc-sections -static --specs=nano.specs -mfloat-abi=soft -mthumb -Wl,--start-group -lc -lm -Wl,--end-group
Finished building target: Nucleo-U083RC_-_RNG_and_AES.elf
 
arm-none-eabi-size  Nucleo-U083RC_-_RNG_and_AES.elf 
arm-none-eabi-objdump -h -S Nucleo-U083RC_-_RNG_and_AES.elf  > "Nucleo-U083RC_-_RNG_and_AES.list"
   text	   data	    bss	    dec	    hex	filename
  31228	    188	   2476	  33892	   8464	Nucleo-U083RC_-_RNG_and_AES.elf
Finished building: default.size.stdout
 
Finished building: Nucleo-U083RC_-_RNG_and_AES.list
 
21:58:39 **** Incremental Build of configuration Debug for project Nucleo-U083RC_-_RNG_and_AES ****
make -j16 all 
arm-none-eabi-gcc "../Core/Src/main.c" -mcpu=cortex-m0plus -std=gnu11 -g3 -DDEBUG -DUSE_NUCLEO_64 -DUSE_HAL_DRIVER -DSTM32U083xx -c -I../Core/Inc -I../Drivers/STM32U0xx_HAL_Driver/Inc -I../Drivers/STM32U0xx_HAL_Driver/Inc/Legacy -I../Drivers/BSP/STM32U0xx_Nucleo -I../Drivers/CMSIS/Device/ST/STM32U0xx/Include -I../Drivers/CMSIS/Include -O0 -ffunction-sections -fdata-sections -Wall -fstack-usage -fcyclomatic-complexity -MMD -MP -MF"Core/Src/main.d" -MT"Core/Src/main.o" --specs=nano.specs -mfloat-abi=soft -mthumb -o "Core/Src/main.o"
arm-none-eabi-gcc -o "Nucleo-U083RC_-_RNG_and_AES.elf" @"objects.list"   -mcpu=cortex-m0plus -T"D:\Users\Nauka\STM32CubeIDE\STM32_Monorepo\Nucleo-U083RC\RNG_and_AES\STM32U083RCTX_FLASH.ld" --specs=nosys.specs -Wl,-Map="Nucleo-U083RC_-_RNG_and_AES.map" -Wl,--gc-sections -static --specs=nano.specs -mfloat-abi=soft -mthumb -Wl,--start-group -lc -lm -Wl,--end-group
Finished building target: Nucleo-U083RC_-_RNG_and_AES.elf
 
arm-none-eabi-size  Nucleo-U083RC_-_RNG_and_AES.elf 
arm-none-eabi-objdump -h -S Nucleo-U083RC_-_RNG_and_AES.elf  > "Nucleo-U083RC_-_RNG_and_AES.list"
   text	   data	    bss	    dec	    hex	filename
  31228	    188	   2476	  33892	   8464	Nucleo-U083RC_-_RNG_and_AES.elf
Finished building: default.size.stdout
 
Finished building: Nucleo-U083RC_-_RNG_and_AES.list
 
21:58:46 **** Incremental Build of configuration Debug for project Nucleo-U083RC_-_RNG_and_AES ****
make -j16 all 
arm-none-eabi-size  Nucleo-U083RC_-_RNG_and_AES.elf 
   text	   data	    bss	    dec	    hex	filename
  31228	    188	   2476	  33892	   8464	Nucleo-U083RC_-_RNG_and_AES.elf
Finished building: default.size.stdout
 
22:02:59 **** Incremental Build of configuration Debug for project Nucleo-U083RC_-_RNG_and_AES ****
make -j16 all 
arm-none-eabi-size  Nucleo-U083RC_-_RNG_and_AES.elf 
   text	   data	    bss	    dec	    hex	filename
  31228	    188	   2476	  33892	   8464	Nucleo-U083RC_-_RNG_and_AES.elf
Finished building: default.size.stdout
 
22:16:24 **** Incremental Build of configuration Debug for project Nucleo-U083RC_-_RNG_and_AES ****
make -j16 all 
arm-none-eabi-gcc "../Core/Src/main.c" -mcpu=cortex-m0plus -std=gnu11 -g3 -DDEBUG -DUSE_NUCLEO_64 -DUSE_HAL_DRIVER -DSTM32U083xx -c -I../Core/Inc -I../Drivers/STM32U0xx_HAL_Driver/Inc -I../Drivers/STM32U0xx_HAL_Driver/Inc/Legacy -I../Drivers/BSP/STM32U0xx_Nucleo -I../Drivers/CMSIS/Device/ST/STM32U0xx/Include -I../Drivers/CMSIS/Include -O0 -ffunction-sections -fdata-sections -Wall -fstack-usage -fcyclomatic-complexity -MMD -MP -MF"Core/Src/main.d" -MT"Core/Src/main.o" --specs=nano.specs -mfloat-abi=soft -mthumb -o "Core/Src/main.o"
arm-none-eabi-gcc "../Core/Src/rng.c" -mcpu=cortex-m0plus -std=gnu11 -g3 -DDEBUG -DUSE_NUCLEO_64 -DUSE_HAL_DRIVER -DSTM32U083xx -c -I../Core/Inc -I../Drivers/STM32U0xx_HAL_Driver/Inc -I../Drivers/STM32U0xx_HAL_Driver/Inc/Legacy -I../Drivers/BSP/STM32U0xx_Nucleo -I../Drivers/CMSIS/Device/ST/STM32U0xx/Include -I../Drivers/CMSIS/Include -O0 -ffunction-sections -fdata-sections -Wall -fstack-usage -fcyclomatic-complexity -MMD -MP -MF"Core/Src/rng.d" -MT"Core/Src/rng.o" --specs=nano.specs -mfloat-abi=soft -mthumb -o "Core/Src/rng.o"
arm-none-eabi-gcc "../Core/Src/rngForAes.c" -mcpu=cortex-m0plus -std=gnu11 -g3 -DDEBUG -DUSE_NUCLEO_64 -DUSE_HAL_DRIVER -DSTM32U083xx -c -I../Core/Inc -I../Drivers/STM32U0xx_HAL_Driver/Inc -I../Drivers/STM32U0xx_HAL_Driver/Inc/Legacy -I../Drivers/BSP/STM32U0xx_Nucleo -I../Drivers/CMSIS/Device/ST/STM32U0xx/Include -I../Drivers/CMSIS/Include -O0 -ffunction-sections -fdata-sections -Wall -fstack-usage -fcyclomatic-complexity -MMD -MP -MF"Core/Src/rngForAes.d" -MT"Core/Src/rngForAes.o" --specs=nano.specs -mfloat-abi=soft -mthumb -o "Core/Src/rngForAes.o"
In file included from ../Core/Src/main.c:23:
../Core/Inc/rng.h:43:25: error: expected ':', ',', ';', '}' or '__attribute__' before '=' token
   43 |         size_t ivAesSize=sizeof(pInitVectAES);
      |                         ^
In file included from ../Core/Src/rng.c:21:
../Core/Inc/rng.h:43:25: error: expected ':', ',', ';', '}' or '__attribute__' before '=' token
   43 |         size_t ivAesSize=sizeof(pInitVectAES);
      |                         ^
../Core/Src/rng.c:29:21: warning: excess elements in struct initializer
   29 | RandomIv_t freshIv={0};
      |                     ^
../Core/Src/rng.c:29:21: note: (near initialization for 'freshIv')
../Core/Src/rng.c: In function 'SecureComms_GenerateNewIV':
../Core/Src/rng.c:160:42: error: 'hcryp' undeclared (first use in this function)
  160 |         size_t pInitVectAESSize = sizeof(hcryp.Init.pInitVect);
      |                                          ^~~~~
../Core/Src/rng.c:160:42: note: each undeclared identifier is reported only once for each function it appears in
In file included from ../Core/Inc/rngForAes.h:12,
                 from ../Core/Src/rngForAes.c:8:
../Core/Inc/rng.h:43:25: error: expected ':', ',', ';', '}' or '__attribute__' before '=' token
   43 |         size_t ivAesSize=sizeof(pInitVectAES);
      |                         ^
make: *** [Core/Src/subdir.mk:49: Core/Src/main.o] Error 1
make: *** Waiting for unfinished jobs....
make: *** [Core/Src/subdir.mk:49: Core/Src/rngForAes.o] Error 1
make: *** [Core/Src/subdir.mk:49: Core/Src/rng.o] Error 1
"make -j16 all" terminated with exit code 2. Build might be incomplete.
22:18:21 **** Incremental Build of configuration Debug for project Nucleo-U083RC_-_RNG_and_AES ****
make -j16 all 
arm-none-eabi-gcc "../Core/Src/main.c" -mcpu=cortex-m0plus -std=gnu11 -g3 -DDEBUG -DUSE_NUCLEO_64 -DUSE_HAL_DRIVER -DSTM32U083xx -c -I../Core/Inc -I../Drivers/STM32U0xx_HAL_Driver/Inc -I../Drivers/STM32U0xx_HAL_Driver/Inc/Legacy -I../Drivers/BSP/STM32U0xx_Nucleo -I../Drivers/CMSIS/Device/ST/STM32U0xx/Include -I../Drivers/CMSIS/Include -O0 -ffunction-sections -fdata-sections -Wall -fstack-usage -fcyclomatic-complexity -MMD -MP -MF"Core/Src/main.d" -MT"Core/Src/main.o" --specs=nano.specs -mfloat-abi=soft -mthumb -o "Core/Src/main.o"
arm-none-eabi-gcc "../Core/Src/rng.c" -mcpu=cortex-m0plus -std=gnu11 -g3 -DDEBUG -DUSE_NUCLEO_64 -DUSE_HAL_DRIVER -DSTM32U083xx -c -I../Core/Inc -I../Drivers/STM32U0xx_HAL_Driver/Inc -I../Drivers/STM32U0xx_HAL_Driver/Inc/Legacy -I../Drivers/BSP/STM32U0xx_Nucleo -I../Drivers/CMSIS/Device/ST/STM32U0xx/Include -I../Drivers/CMSIS/Include -O0 -ffunction-sections -fdata-sections -Wall -fstack-usage -fcyclomatic-complexity -MMD -MP -MF"Core/Src/rng.d" -MT"Core/Src/rng.o" --specs=nano.specs -mfloat-abi=soft -mthumb -o "Core/Src/rng.o"
arm-none-eabi-gcc "../Core/Src/rngForAes.c" -mcpu=cortex-m0plus -std=gnu11 -g3 -DDEBUG -DUSE_NUCLEO_64 -DUSE_HAL_DRIVER -DSTM32U083xx -c -I../Core/Inc -I../Drivers/STM32U0xx_HAL_Driver/Inc -I../Drivers/STM32U0xx_HAL_Driver/Inc/Legacy -I../Drivers/BSP/STM32U0xx_Nucleo -I../Drivers/CMSIS/Device/ST/STM32U0xx/Include -I../Drivers/CMSIS/Include -O0 -ffunction-sections -fdata-sections -Wall -fstack-usage -fcyclomatic-complexity -MMD -MP -MF"Core/Src/rngForAes.d" -MT"Core/Src/rngForAes.o" --specs=nano.specs -mfloat-abi=soft -mthumb -o "Core/Src/rngForAes.o"
In file included from ../Core/Src/main.c:23:
../Core/Inc/rng.h:43:31: error: 'pInitVectAES' undeclared here (not in a function)
   43 |         uint32_t ivAes[sizeof(pInitVectAES)];
      |                               ^~~~~~~~~~~~
make: *** [Core/Src/subdir.mk:49: Core/Src/main.o] Error 1
make: *** Waiting for unfinished jobs....
In file included from ../Core/Src/rng.c:21:
../Core/Inc/rng.h:43:31: error: 'pInitVectAES' undeclared here (not in a function)
   43 |         uint32_t ivAes[sizeof(pInitVectAES)];
      |                               ^~~~~~~~~~~~
In file included from ../Core/Inc/rngForAes.h:12,
                 from ../Core/Src/rngForAes.c:8:
../Core/Inc/rng.h:43:31: error: 'pInitVectAES' undeclared here (not in a function)
   43 |         uint32_t ivAes[sizeof(pInitVectAES)];
      |                               ^~~~~~~~~~~~
make: *** [Core/Src/subdir.mk:49: Core/Src/rng.o] Error 1
make: *** [Core/Src/subdir.mk:49: Core/Src/rngForAes.o] Error 1
"make -j16 all" terminated with exit code 2. Build might be incomplete.
22:18:51 **** Incremental Build of configuration Debug for project Nucleo-U083RC_-_RNG_and_AES ****
make -j16 all 
arm-none-eabi-gcc "../Core/Src/aes.c" -mcpu=cortex-m0plus -std=gnu11 -g3 -DDEBUG -DUSE_NUCLEO_64 -DUSE_HAL_DRIVER -DSTM32U083xx -c -I../Core/Inc -I../Drivers/STM32U0xx_HAL_Driver/Inc -I../Drivers/STM32U0xx_HAL_Driver/Inc/Legacy -I../Drivers/BSP/STM32U0xx_Nucleo -I../Drivers/CMSIS/Device/ST/STM32U0xx/Include -I../Drivers/CMSIS/Include -O0 -ffunction-sections -fdata-sections -Wall -fstack-usage -fcyclomatic-complexity -MMD -MP -MF"Core/Src/aes.d" -MT"Core/Src/aes.o" --specs=nano.specs -mfloat-abi=soft -mthumb -o "Core/Src/aes.o"
arm-none-eabi-gcc "../Core/Src/main.c" -mcpu=cortex-m0plus -std=gnu11 -g3 -DDEBUG -DUSE_NUCLEO_64 -DUSE_HAL_DRIVER -DSTM32U083xx -c -I../Core/Inc -I../Drivers/STM32U0xx_HAL_Driver/Inc -I../Drivers/STM32U0xx_HAL_Driver/Inc/Legacy -I../Drivers/BSP/STM32U0xx_Nucleo -I../Drivers/CMSIS/Device/ST/STM32U0xx/Include -I../Drivers/CMSIS/Include -O0 -ffunction-sections -fdata-sections -Wall -fstack-usage -fcyclomatic-complexity -MMD -MP -MF"Core/Src/main.d" -MT"Core/Src/main.o" --specs=nano.specs -mfloat-abi=soft -mthumb -o "Core/Src/main.o"
arm-none-eabi-gcc "../Core/Src/rng.c" -mcpu=cortex-m0plus -std=gnu11 -g3 -DDEBUG -DUSE_NUCLEO_64 -DUSE_HAL_DRIVER -DSTM32U083xx -c -I../Core/Inc -I../Drivers/STM32U0xx_HAL_Driver/Inc -I../Drivers/STM32U0xx_HAL_Driver/Inc/Legacy -I../Drivers/BSP/STM32U0xx_Nucleo -I../Drivers/CMSIS/Device/ST/STM32U0xx/Include -I../Drivers/CMSIS/Include -O0 -ffunction-sections -fdata-sections -Wall -fstack-usage -fcyclomatic-complexity -MMD -MP -MF"Core/Src/rng.d" -MT"Core/Src/rng.o" --specs=nano.specs -mfloat-abi=soft -mthumb -o "Core/Src/rng.o"
arm-none-eabi-gcc "../Core/Src/rngForAes.c" -mcpu=cortex-m0plus -std=gnu11 -g3 -DDEBUG -DUSE_NUCLEO_64 -DUSE_HAL_DRIVER -DSTM32U083xx -c -I../Core/Inc -I../Drivers/STM32U0xx_HAL_Driver/Inc -I../Drivers/STM32U0xx_HAL_Driver/Inc/Legacy -I../Drivers/BSP/STM32U0xx_Nucleo -I../Drivers/CMSIS/Device/ST/STM32U0xx/Include -I../Drivers/CMSIS/Include -O0 -ffunction-sections -fdata-sections -Wall -fstack-usage -fcyclomatic-complexity -MMD -MP -MF"Core/Src/rngForAes.d" -MT"Core/Src/rngForAes.o" --specs=nano.specs -mfloat-abi=soft -mthumb -o "Core/Src/rngForAes.o"
In file included from ../Core/Src/rng.c:21:
../Core/Inc/rng.h:43:31: error: 'pInitVectAES' undeclared here (not in a function)
   43 |         uint32_t ivAes[sizeof(pInitVectAES)];
      |                               ^~~~~~~~~~~~
In file included from ../Core/Inc/rngForAes.h:12,
                 from ../Core/Src/rngForAes.c:8:
../Core/Inc/rng.h:43:31: error: 'pInitVectAES' undeclared here (not in a function)
   43 |         uint32_t ivAes[sizeof(pInitVectAES)];
      |                               ^~~~~~~~~~~~
make: *** [Core/Src/subdir.mk:49: Core/Src/rng.o] Error 1
make: *** Waiting for unfinished jobs....
make: *** [Core/Src/subdir.mk:49: Core/Src/rngForAes.o] Error 1
"make -j16 all" terminated with exit code 2. Build might be incomplete.
22:19:24 **** Incremental Build of configuration Debug for project Nucleo-U083RC_-_RNG_and_AES ****
make -j16 all 
arm-none-eabi-gcc "../Core/Src/main.c" -mcpu=cortex-m0plus -std=gnu11 -g3 -DDEBUG -DUSE_NUCLEO_64 -DUSE_HAL_DRIVER -DSTM32U083xx -c -I../Core/Inc -I../Drivers/STM32U0xx_HAL_Driver/Inc -I../Drivers/STM32U0xx_HAL_Driver/Inc/Legacy -I../Drivers/BSP/STM32U0xx_Nucleo -I../Drivers/CMSIS/Device/ST/STM32U0xx/Include -I../Drivers/CMSIS/Include -O0 -ffunction-sections -fdata-sections -Wall -fstack-usage -fcyclomatic-complexity -MMD -MP -MF"Core/Src/main.d" -MT"Core/Src/main.o" --specs=nano.specs -mfloat-abi=soft -mthumb -o "Core/Src/main.o"
arm-none-eabi-gcc "../Core/Src/rng.c" -mcpu=cortex-m0plus -std=gnu11 -g3 -DDEBUG -DUSE_NUCLEO_64 -DUSE_HAL_DRIVER -DSTM32U083xx -c -I../Core/Inc -I../Drivers/STM32U0xx_HAL_Driver/Inc -I../Drivers/STM32U0xx_HAL_Driver/Inc/Legacy -I../Drivers/BSP/STM32U0xx_Nucleo -I../Drivers/CMSIS/Device/ST/STM32U0xx/Include -I../Drivers/CMSIS/Include -O0 -ffunction-sections -fdata-sections -Wall -fstack-usage -fcyclomatic-complexity -MMD -MP -MF"Core/Src/rng.d" -MT"Core/Src/rng.o" --specs=nano.specs -mfloat-abi=soft -mthumb -o "Core/Src/rng.o"
arm-none-eabi-gcc "../Core/Src/rngForAes.c" -mcpu=cortex-m0plus -std=gnu11 -g3 -DDEBUG -DUSE_NUCLEO_64 -DUSE_HAL_DRIVER -DSTM32U083xx -c -I../Core/Inc -I../Drivers/STM32U0xx_HAL_Driver/Inc -I../Drivers/STM32U0xx_HAL_Driver/Inc/Legacy -I../Drivers/BSP/STM32U0xx_Nucleo -I../Drivers/CMSIS/Device/ST/STM32U0xx/Include -I../Drivers/CMSIS/Include -O0 -ffunction-sections -fdata-sections -Wall -fstack-usage -fcyclomatic-complexity -MMD -MP -MF"Core/Src/rngForAes.d" -MT"Core/Src/rngForAes.o" --specs=nano.specs -mfloat-abi=soft -mthumb -o "Core/Src/rngForAes.o"
arm-none-eabi-gcc -o "Nucleo-U083RC_-_RNG_and_AES.elf" @"objects.list"   -mcpu=cortex-m0plus -T"D:\Users\Nauka\STM32CubeIDE\STM32_Monorepo\Nucleo-U083RC\RNG_and_AES\STM32U083RCTX_FLASH.ld" --specs=nosys.specs -Wl,-Map="Nucleo-U083RC_-_RNG_and_AES.map" -Wl,--gc-sections -static --specs=nano.specs -mfloat-abi=soft -mthumb -Wl,--start-group -lc -lm -Wl,--end-group
Finished building target: Nucleo-U083RC_-_RNG_and_AES.elf
 
arm-none-eabi-size  Nucleo-U083RC_-_RNG_and_AES.elf 
arm-none-eabi-objdump -h -S Nucleo-U083RC_-_RNG_and_AES.elf  > "Nucleo-U083RC_-_RNG_and_AES.list"
   text	   data	    bss	    dec	    hex	filename
  30604	    188	   2476	  33268	   81f4	Nucleo-U083RC_-_RNG_and_AES.elf
Finished building: default.size.stdout
 
Finished building: Nucleo-U083RC_-_RNG_and_AES.list
 
22:19:35 **** Incremental Build of configuration Debug for project Nucleo-U083RC_-_RNG_and_AES ****
make -j16 all 
arm-none-eabi-gcc "../Core/Src/main.c" -mcpu=cortex-m0plus -std=gnu11 -g3 -DDEBUG -DUSE_NUCLEO_64 -DUSE_HAL_DRIVER -DSTM32U083xx -c -I../Core/Inc -I../Drivers/STM32U0xx_HAL_Driver/Inc -I../Drivers/STM32U0xx_HAL_Driver/Inc/Legacy -I../Drivers/BSP/STM32U0xx_Nucleo -I../Drivers/CMSIS/Device/ST/STM32U0xx/Include -I../Drivers/CMSIS/Include -O0 -ffunction-sections -fdata-sections -Wall -fstack-usage -fcyclomatic-complexity -MMD -MP -MF"Core/Src/main.d" -MT"Core/Src/main.o" --specs=nano.specs -mfloat-abi=soft -mthumb -o "Core/Src/main.o"
arm-none-eabi-gcc "../Core/Src/rngForAes.c" -mcpu=cortex-m0plus -std=gnu11 -g3 -DDEBUG -DUSE_NUCLEO_64 -DUSE_HAL_DRIVER -DSTM32U083xx -c -I../Core/Inc -I../Drivers/STM32U0xx_HAL_Driver/Inc -I../Drivers/STM32U0xx_HAL_Driver/Inc/Legacy -I../Drivers/BSP/STM32U0xx_Nucleo -I../Drivers/CMSIS/Device/ST/STM32U0xx/Include -I../Drivers/CMSIS/Include -O0 -ffunction-sections -fdata-sections -Wall -fstack-usage -fcyclomatic-complexity -MMD -MP -MF"Core/Src/rngForAes.d" -MT"Core/Src/rngForAes.o" --specs=nano.specs -mfloat-abi=soft -mthumb -o "Core/Src/rngForAes.o"
arm-none-eabi-gcc -o "Nucleo-U083RC_-_RNG_and_AES.elf" @"objects.list"   -mcpu=cortex-m0plus -T"D:\Users\Nauka\STM32CubeIDE\STM32_Monorepo\Nucleo-U083RC\RNG_and_AES\STM32U083RCTX_FLASH.ld" --specs=nosys.specs -Wl,-Map="Nucleo-U083RC_-_RNG_and_AES.map" -Wl,--gc-sections -static --specs=nano.specs -mfloat-abi=soft -mthumb -Wl,--start-group -lc -lm -Wl,--end-group
Finished building target: Nucleo-U083RC_-_RNG_and_AES.elf
 
arm-none-eabi-size  Nucleo-U083RC_-_RNG_and_AES.elf 
arm-none-eabi-objdump -h -S Nucleo-U083RC_-_RNG_and_AES.elf  > "Nucleo-U083RC_-_RNG_and_AES.list"
   text	   data	    bss	    dec	    hex	filename
  30604	    188	   2476	  33268	   81f4	Nucleo-U083RC_-_RNG_and_AES.elf
Finished building: default.size.stdout
 
Finished building: Nucleo-U083RC_-_RNG_and_AES.list
 
22:20:01 **** Incremental Build of configuration Debug for project Nucleo-U083RC_-_RNG_and_AES ****
make -j16 all 
arm-none-eabi-gcc "../Core/Src/main.c" -mcpu=cortex-m0plus -std=gnu11 -g3 -DDEBUG -DUSE_NUCLEO_64 -DUSE_HAL_DRIVER -DSTM32U083xx -c -I../Core/Inc -I../Drivers/STM32U0xx_HAL_Driver/Inc -I../Drivers/STM32U0xx_HAL_Driver/Inc/Legacy -I../Drivers/BSP/STM32U0xx_Nucleo -I../Drivers/CMSIS/Device/ST/STM32U0xx/Include -I../Drivers/CMSIS/Include -O0 -ffunction-sections -fdata-sections -Wall -fstack-usage -fcyclomatic-complexity -MMD -MP -MF"Core/Src/main.d" -MT"Core/Src/main.o" --specs=nano.specs -mfloat-abi=soft -mthumb -o "Core/Src/main.o"
arm-none-eabi-gcc "../Core/Src/rng.c" -mcpu=cortex-m0plus -std=gnu11 -g3 -DDEBUG -DUSE_NUCLEO_64 -DUSE_HAL_DRIVER -DSTM32U083xx -c -I../Core/Inc -I../Drivers/STM32U0xx_HAL_Driver/Inc -I../Drivers/STM32U0xx_HAL_Driver/Inc/Legacy -I../Drivers/BSP/STM32U0xx_Nucleo -I../Drivers/CMSIS/Device/ST/STM32U0xx/Include -I../Drivers/CMSIS/Include -O0 -ffunction-sections -fdata-sections -Wall -fstack-usage -fcyclomatic-complexity -MMD -MP -MF"Core/Src/rng.d" -MT"Core/Src/rng.o" --specs=nano.specs -mfloat-abi=soft -mthumb -o "Core/Src/rng.o"
arm-none-eabi-gcc "../Core/Src/rngForAes.c" -mcpu=cortex-m0plus -std=gnu11 -g3 -DDEBUG -DUSE_NUCLEO_64 -DUSE_HAL_DRIVER -DSTM32U083xx -c -I../Core/Inc -I../Drivers/STM32U0xx_HAL_Driver/Inc -I../Drivers/STM32U0xx_HAL_Driver/Inc/Legacy -I../Drivers/BSP/STM32U0xx_Nucleo -I../Drivers/CMSIS/Device/ST/STM32U0xx/Include -I../Drivers/CMSIS/Include -O0 -ffunction-sections -fdata-sections -Wall -fstack-usage -fcyclomatic-complexity -MMD -MP -MF"Core/Src/rngForAes.d" -MT"Core/Src/rngForAes.o" --specs=nano.specs -mfloat-abi=soft -mthumb -o "Core/Src/rngForAes.o"
arm-none-eabi-gcc -o "Nucleo-U083RC_-_RNG_and_AES.elf" @"objects.list"   -mcpu=cortex-m0plus -T"D:\Users\Nauka\STM32CubeIDE\STM32_Monorepo\Nucleo-U083RC\RNG_and_AES\STM32U083RCTX_FLASH.ld" --specs=nosys.specs -Wl,-Map="Nucleo-U083RC_-_RNG_and_AES.map" -Wl,--gc-sections -static --specs=nano.specs -mfloat-abi=soft -mthumb -Wl,--start-group -lc -lm -Wl,--end-group
Finished building target: Nucleo-U083RC_-_RNG_and_AES.elf
 
arm-none-eabi-size  Nucleo-U083RC_-_RNG_and_AES.elf 
arm-none-eabi-objdump -h -S Nucleo-U083RC_-_RNG_and_AES.elf  > "Nucleo-U083RC_-_RNG_and_AES.list"
   text	   data	    bss	    dec	    hex	filename
  30604	    188	   2476	  33268	   81f4	Nucleo-U083RC_-_RNG_and_AES.elf
Finished building: default.size.stdout
 
Finished building: Nucleo-U083RC_-_RNG_and_AES.list
 
22:20:08 **** Incremental Build of configuration Debug for project Nucleo-U083RC_-_RNG_and_AES ****
make -j16 all 
arm-none-eabi-gcc "../Core/Src/main.c" -mcpu=cortex-m0plus -std=gnu11 -g3 -DDEBUG -DUSE_NUCLEO_64 -DUSE_HAL_DRIVER -DSTM32U083xx -c -I../Core/Inc -I../Drivers/STM32U0xx_HAL_Driver/Inc -I../Drivers/STM32U0xx_HAL_Driver/Inc/Legacy -I../Drivers/BSP/STM32U0xx_Nucleo -I../Drivers/CMSIS/Device/ST/STM32U0xx/Include -I../Drivers/CMSIS/Include -O0 -ffunction-sections -fdata-sections -Wall -fstack-usage -fcyclomatic-complexity -MMD -MP -MF"Core/Src/main.d" -MT"Core/Src/main.o" --specs=nano.specs -mfloat-abi=soft -mthumb -o "Core/Src/main.o"
arm-none-eabi-gcc "../Core/Src/rng.c" -mcpu=cortex-m0plus -std=gnu11 -g3 -DDEBUG -DUSE_NUCLEO_64 -DUSE_HAL_DRIVER -DSTM32U083xx -c -I../Core/Inc -I../Drivers/STM32U0xx_HAL_Driver/Inc -I../Drivers/STM32U0xx_HAL_Driver/Inc/Legacy -I../Drivers/BSP/STM32U0xx_Nucleo -I../Drivers/CMSIS/Device/ST/STM32U0xx/Include -I../Drivers/CMSIS/Include -O0 -ffunction-sections -fdata-sections -Wall -fstack-usage -fcyclomatic-complexity -MMD -MP -MF"Core/Src/rng.d" -MT"Core/Src/rng.o" --specs=nano.specs -mfloat-abi=soft -mthumb -o "Core/Src/rng.o"
arm-none-eabi-gcc "../Core/Src/rngForAes.c" -mcpu=cortex-m0plus -std=gnu11 -g3 -DDEBUG -DUSE_NUCLEO_64 -DUSE_HAL_DRIVER -DSTM32U083xx -c -I../Core/Inc -I../Drivers/STM32U0xx_HAL_Driver/Inc -I../Drivers/STM32U0xx_HAL_Driver/Inc/Legacy -I../Drivers/BSP/STM32U0xx_Nucleo -I../Drivers/CMSIS/Device/ST/STM32U0xx/Include -I../Drivers/CMSIS/Include -O0 -ffunction-sections -fdata-sections -Wall -fstack-usage -fcyclomatic-complexity -MMD -MP -MF"Core/Src/rngForAes.d" -MT"Core/Src/rngForAes.o" --specs=nano.specs -mfloat-abi=soft -mthumb -o "Core/Src/rngForAes.o"
arm-none-eabi-gcc -o "Nucleo-U083RC_-_RNG_and_AES.elf" @"objects.list"   -mcpu=cortex-m0plus -T"D:\Users\Nauka\STM32CubeIDE\STM32_Monorepo\Nucleo-U083RC\RNG_and_AES\STM32U083RCTX_FLASH.ld" --specs=nosys.specs -Wl,-Map="Nucleo-U083RC_-_RNG_and_AES.map" -Wl,--gc-sections -static --specs=nano.specs -mfloat-abi=soft -mthumb -Wl,--start-group -lc -lm -Wl,--end-group
Finished building target: Nucleo-U083RC_-_RNG_and_AES.elf
 
arm-none-eabi-size  Nucleo-U083RC_-_RNG_and_AES.elf 
arm-none-eabi-objdump -h -S Nucleo-U083RC_-_RNG_and_AES.elf  > "Nucleo-U083RC_-_RNG_and_AES.list"
   text	   data	    bss	    dec	    hex	filename
  30604	    188	   2476	  33268	   81f4	Nucleo-U083RC_-_RNG_and_AES.elf
Finished building: default.size.stdout
 
Finished building: Nucleo-U083RC_-_RNG_and_AES.list
 
22:32:37 **** Incremental Build of configuration Debug for project Nucleo-U083RC_-_RNG_and_AES ****
make -j16 all 
arm-none-eabi-gcc "../Core/Src/aes.c" -mcpu=cortex-m0plus -std=gnu11 -g3 -DDEBUG -DUSE_NUCLEO_64 -DUSE_HAL_DRIVER -DSTM32U083xx -c -I../Core/Inc -I../Drivers/STM32U0xx_HAL_Driver/Inc -I../Drivers/STM32U0xx_HAL_Driver/Inc/Legacy -I../Drivers/BSP/STM32U0xx_Nucleo -I../Drivers/CMSIS/Device/ST/STM32U0xx/Include -I../Drivers/CMSIS/Include -O0 -ffunction-sections -fdata-sections -Wall -fstack-usage -fcyclomatic-complexity -MMD -MP -MF"Core/Src/aes.d" -MT"Core/Src/aes.o" --specs=nano.specs -mfloat-abi=soft -mthumb -o "Core/Src/aes.o"
arm-none-eabi-gcc "../Core/Src/main.c" -mcpu=cortex-m0plus -std=gnu11 -g3 -DDEBUG -DUSE_NUCLEO_64 -DUSE_HAL_DRIVER -DSTM32U083xx -c -I../Core/Inc -I../Drivers/STM32U0xx_HAL_Driver/Inc -I../Drivers/STM32U0xx_HAL_Driver/Inc/Legacy -I../Drivers/BSP/STM32U0xx_Nucleo -I../Drivers/CMSIS/Device/ST/STM32U0xx/Include -I../Drivers/CMSIS/Include -O0 -ffunction-sections -fdata-sections -Wall -fstack-usage -fcyclomatic-complexity -MMD -MP -MF"Core/Src/main.d" -MT"Core/Src/main.o" --specs=nano.specs -mfloat-abi=soft -mthumb -o "Core/Src/main.o"
arm-none-eabi-gcc "../Core/Src/rng.c" -mcpu=cortex-m0plus -std=gnu11 -g3 -DDEBUG -DUSE_NUCLEO_64 -DUSE_HAL_DRIVER -DSTM32U083xx -c -I../Core/Inc -I../Drivers/STM32U0xx_HAL_Driver/Inc -I../Drivers/STM32U0xx_HAL_Driver/Inc/Legacy -I../Drivers/BSP/STM32U0xx_Nucleo -I../Drivers/CMSIS/Device/ST/STM32U0xx/Include -I../Drivers/CMSIS/Include -O0 -ffunction-sections -fdata-sections -Wall -fstack-usage -fcyclomatic-complexity -MMD -MP -MF"Core/Src/rng.d" -MT"Core/Src/rng.o" --specs=nano.specs -mfloat-abi=soft -mthumb -o "Core/Src/rng.o"
arm-none-eabi-gcc "../Core/Src/rngForAes.c" -mcpu=cortex-m0plus -std=gnu11 -g3 -DDEBUG -DUSE_NUCLEO_64 -DUSE_HAL_DRIVER -DSTM32U083xx -c -I../Core/Inc -I../Drivers/STM32U0xx_HAL_Driver/Inc -I../Drivers/STM32U0xx_HAL_Driver/Inc/Legacy -I../Drivers/BSP/STM32U0xx_Nucleo -I../Drivers/CMSIS/Device/ST/STM32U0xx/Include -I../Drivers/CMSIS/Include -O0 -ffunction-sections -fdata-sections -Wall -fstack-usage -fcyclomatic-complexity -MMD -MP -MF"Core/Src/rngForAes.d" -MT"Core/Src/rngForAes.o" --specs=nano.specs -mfloat-abi=soft -mthumb -o "Core/Src/rngForAes.o"
../Core/Src/rng.c: In function 'HAL_RNG_ReadyDataCallback':
../Core/Src/rng.c:148:29: error: 'freshIv' undeclared (first use in this function)
  148 |                         if (freshIv.generatingStage<sizeof(pInitVectAES)) {
      |                             ^~~~~~~
../Core/Src/rng.c:148:29: note: each undeclared identifier is reported only once for each function it appears in
../Core/Src/rngForAes.c: In function 'SecureComms_GenerateNewIV_IT':
../Core/Src/rngForAes.c:36:16: error: 'return' with a value, in function returning void [-Wreturn-mismatch]
   36 |         return Security_GetRandomSeed_IT();
      |                ^~~~~~~~~~~~~~~~~~~~~~~~~~~
../Core/Src/rngForAes.c:31:6: note: declared here
   31 | void SecureComms_GenerateNewIV_IT(void) {
      |      ^~~~~~~~~~~~~~~~~~~~~~~~~~~~
make: *** [Core/Src/subdir.mk:49: Core/Src/rng.o] Error 1
make: *** Waiting for unfinished jobs....
make: *** [Core/Src/subdir.mk:49: Core/Src/rngForAes.o] Error 1
"make -j16 all" terminated with exit code 2. Build might be incomplete.
22:33:00 **** Incremental Build of configuration Debug for project Nucleo-U083RC_-_RNG_and_AES ****
make -j16 all 
arm-none-eabi-gcc "../Core/Src/main.c" -mcpu=cortex-m0plus -std=gnu11 -g3 -DDEBUG -DUSE_NUCLEO_64 -DUSE_HAL_DRIVER -DSTM32U083xx -c -I../Core/Inc -I../Drivers/STM32U0xx_HAL_Driver/Inc -I../Drivers/STM32U0xx_HAL_Driver/Inc/Legacy -I../Drivers/BSP/STM32U0xx_Nucleo -I../Drivers/CMSIS/Device/ST/STM32U0xx/Include -I../Drivers/CMSIS/Include -O0 -ffunction-sections -fdata-sections -Wall -fstack-usage -fcyclomatic-complexity -MMD -MP -MF"Core/Src/main.d" -MT"Core/Src/main.o" --specs=nano.specs -mfloat-abi=soft -mthumb -o "Core/Src/main.o"
arm-none-eabi-gcc "../Core/Src/rng.c" -mcpu=cortex-m0plus -std=gnu11 -g3 -DDEBUG -DUSE_NUCLEO_64 -DUSE_HAL_DRIVER -DSTM32U083xx -c -I../Core/Inc -I../Drivers/STM32U0xx_HAL_Driver/Inc -I../Drivers/STM32U0xx_HAL_Driver/Inc/Legacy -I../Drivers/BSP/STM32U0xx_Nucleo -I../Drivers/CMSIS/Device/ST/STM32U0xx/Include -I../Drivers/CMSIS/Include -O0 -ffunction-sections -fdata-sections -Wall -fstack-usage -fcyclomatic-complexity -MMD -MP -MF"Core/Src/rng.d" -MT"Core/Src/rng.o" --specs=nano.specs -mfloat-abi=soft -mthumb -o "Core/Src/rng.o"
arm-none-eabi-gcc "../Core/Src/rngForAes.c" -mcpu=cortex-m0plus -std=gnu11 -g3 -DDEBUG -DUSE_NUCLEO_64 -DUSE_HAL_DRIVER -DSTM32U083xx -c -I../Core/Inc -I../Drivers/STM32U0xx_HAL_Driver/Inc -I../Drivers/STM32U0xx_HAL_Driver/Inc/Legacy -I../Drivers/BSP/STM32U0xx_Nucleo -I../Drivers/CMSIS/Device/ST/STM32U0xx/Include -I../Drivers/CMSIS/Include -O0 -ffunction-sections -fdata-sections -Wall -fstack-usage -fcyclomatic-complexity -MMD -MP -MF"Core/Src/rngForAes.d" -MT"Core/Src/rngForAes.o" --specs=nano.specs -mfloat-abi=soft -mthumb -o "Core/Src/rngForAes.o"
../Core/Src/rngForAes.c: In function 'SecureComms_GenerateNewIV_IT':
../Core/Src/rngForAes.c:36:16: error: 'return' with a value, in function returning void [-Wreturn-mismatch]
   36 |         return Security_GetRandomSeed_IT();
      |                ^~~~~~~~~~~~~~~~~~~~~~~~~~~
../Core/Src/rngForAes.c:31:6: note: declared here
   31 | void SecureComms_GenerateNewIV_IT(void) {
      |      ^~~~~~~~~~~~~~~~~~~~~~~~~~~~
make: *** [Core/Src/subdir.mk:49: Core/Src/rngForAes.o] Error 1
make: *** Waiting for unfinished jobs....
"make -j16 all" terminated with exit code 2. Build might be incomplete.
22:33:27 **** Incremental Build of configuration Debug for project Nucleo-U083RC_-_RNG_and_AES ****
make -j16 all 
arm-none-eabi-gcc "../Core/Src/rng.c" -mcpu=cortex-m0plus -std=gnu11 -g3 -DDEBUG -DUSE_NUCLEO_64 -DUSE_HAL_DRIVER -DSTM32U083xx -c -I../Core/Inc -I../Drivers/STM32U0xx_HAL_Driver/Inc -I../Drivers/STM32U0xx_HAL_Driver/Inc/Legacy -I../Drivers/BSP/STM32U0xx_Nucleo -I../Drivers/CMSIS/Device/ST/STM32U0xx/Include -I../Drivers/CMSIS/Include -O0 -ffunction-sections -fdata-sections -Wall -fstack-usage -fcyclomatic-complexity -MMD -MP -MF"Core/Src/rng.d" -MT"Core/Src/rng.o" --specs=nano.specs -mfloat-abi=soft -mthumb -o "Core/Src/rng.o"
arm-none-eabi-gcc "../Core/Src/rngForAes.c" -mcpu=cortex-m0plus -std=gnu11 -g3 -DDEBUG -DUSE_NUCLEO_64 -DUSE_HAL_DRIVER -DSTM32U083xx -c -I../Core/Inc -I../Drivers/STM32U0xx_HAL_Driver/Inc -I../Drivers/STM32U0xx_HAL_Driver/Inc/Legacy -I../Drivers/BSP/STM32U0xx_Nucleo -I../Drivers/CMSIS/Device/ST/STM32U0xx/Include -I../Drivers/CMSIS/Include -O0 -ffunction-sections -fdata-sections -Wall -fstack-usage -fcyclomatic-complexity -MMD -MP -MF"Core/Src/rngForAes.d" -MT"Core/Src/rngForAes.o" --specs=nano.specs -mfloat-abi=soft -mthumb -o "Core/Src/rngForAes.o"
../Core/Src/rngForAes.c: In function 'SecureComms_GenerateNewIV_IT':
../Core/Src/rngForAes.c:36:16: error: 'return' with a value, in function returning void [-Wreturn-mismatch]
   36 |         return Security_GetRandomSeed_IT();
      |                ^~~~~~~~~~~~~~~~~~~~~~~~~~~
../Core/Src/rngForAes.c:31:6: note: declared here
   31 | void SecureComms_GenerateNewIV_IT(void) {
      |      ^~~~~~~~~~~~~~~~~~~~~~~~~~~~
make: *** [Core/Src/subdir.mk:49: Core/Src/rngForAes.o] Error 1
make: *** Waiting for unfinished jobs....
../Core/Src/rng.c:133:19: error: conflicting types for 'Security_GetRandomSeed_IT'; have 'HAL_StatusTypeDef(void)'
  133 | HAL_StatusTypeDef Security_GetRandomSeed_IT(void) {
      |                   ^~~~~~~~~~~~~~~~~~~~~~~~~
In file included from ../Core/Src/rng.c:21:
../Core/Inc/rng.h:51:10: note: previous declaration of 'Security_GetRandomSeed_IT' with type 'uint32_t(void)' {aka 'long unsigned int(void)'}
   51 | uint32_t Security_GetRandomSeed_IT(void);
      |          ^~~~~~~~~~~~~~~~~~~~~~~~~
make: *** [Core/Src/subdir.mk:49: Core/Src/rng.o] Error 1
"make -j16 all" terminated with exit code 2. Build might be incomplete.
22:33:28 **** Incremental Build of configuration Debug for project Nucleo-U083RC_-_RNG_and_AES ****
make -j16 all 
arm-none-eabi-gcc "../Core/Src/main.c" -mcpu=cortex-m0plus -std=gnu11 -g3 -DDEBUG -DUSE_NUCLEO_64 -DUSE_HAL_DRIVER -DSTM32U083xx -c -I../Core/Inc -I../Drivers/STM32U0xx_HAL_Driver/Inc -I../Drivers/STM32U0xx_HAL_Driver/Inc/Legacy -I../Drivers/BSP/STM32U0xx_Nucleo -I../Drivers/CMSIS/Device/ST/STM32U0xx/Include -I../Drivers/CMSIS/Include -O0 -ffunction-sections -fdata-sections -Wall -fstack-usage -fcyclomatic-complexity -MMD -MP -MF"Core/Src/main.d" -MT"Core/Src/main.o" --specs=nano.specs -mfloat-abi=soft -mthumb -o "Core/Src/main.o"
arm-none-eabi-gcc "../Core/Src/rng.c" -mcpu=cortex-m0plus -std=gnu11 -g3 -DDEBUG -DUSE_NUCLEO_64 -DUSE_HAL_DRIVER -DSTM32U083xx -c -I../Core/Inc -I../Drivers/STM32U0xx_HAL_Driver/Inc -I../Drivers/STM32U0xx_HAL_Driver/Inc/Legacy -I../Drivers/BSP/STM32U0xx_Nucleo -I../Drivers/CMSIS/Device/ST/STM32U0xx/Include -I../Drivers/CMSIS/Include -O0 -ffunction-sections -fdata-sections -Wall -fstack-usage -fcyclomatic-complexity -MMD -MP -MF"Core/Src/rng.d" -MT"Core/Src/rng.o" --specs=nano.specs -mfloat-abi=soft -mthumb -o "Core/Src/rng.o"
arm-none-eabi-gcc "../Core/Src/rngForAes.c" -mcpu=cortex-m0plus -std=gnu11 -g3 -DDEBUG -DUSE_NUCLEO_64 -DUSE_HAL_DRIVER -DSTM32U083xx -c -I../Core/Inc -I../Drivers/STM32U0xx_HAL_Driver/Inc -I../Drivers/STM32U0xx_HAL_Driver/Inc/Legacy -I../Drivers/BSP/STM32U0xx_Nucleo -I../Drivers/CMSIS/Device/ST/STM32U0xx/Include -I../Drivers/CMSIS/Include -O0 -ffunction-sections -fdata-sections -Wall -fstack-usage -fcyclomatic-complexity -MMD -MP -MF"Core/Src/rngForAes.d" -MT"Core/Src/rngForAes.o" --specs=nano.specs -mfloat-abi=soft -mthumb -o "Core/Src/rngForAes.o"
../Core/Src/rngForAes.c: In function 'SecureComms_GenerateNewIV_IT':
../Core/Src/rngForAes.c:36:16: error: 'return' with a value, in function returning void [-Wreturn-mismatch]
   36 |         return Security_GetRandomSeed_IT();
      |                ^~~~~~~~~~~~~~~~~~~~~~~~~~~
../Core/Src/rngForAes.c:31:6: note: declared here
   31 | void SecureComms_GenerateNewIV_IT(void) {
      |      ^~~~~~~~~~~~~~~~~~~~~~~~~~~~
make: *** [Core/Src/subdir.mk:49: Core/Src/rngForAes.o] Error 1
make: *** Waiting for unfinished jobs....
"make -j16 all" terminated with exit code 2. Build might be incomplete.
22:33:35 **** Incremental Build of configuration Debug for project Nucleo-U083RC_-_RNG_and_AES ****
make -j16 all 
arm-none-eabi-gcc "../Core/Src/rngForAes.c" -mcpu=cortex-m0plus -std=gnu11 -g3 -DDEBUG -DUSE_NUCLEO_64 -DUSE_HAL_DRIVER -DSTM32U083xx -c -I../Core/Inc -I../Drivers/STM32U0xx_HAL_Driver/Inc -I../Drivers/STM32U0xx_HAL_Driver/Inc/Legacy -I../Drivers/BSP/STM32U0xx_Nucleo -I../Drivers/CMSIS/Device/ST/STM32U0xx/Include -I../Drivers/CMSIS/Include -O0 -ffunction-sections -fdata-sections -Wall -fstack-usage -fcyclomatic-complexity -MMD -MP -MF"Core/Src/rngForAes.d" -MT"Core/Src/rngForAes.o" --specs=nano.specs -mfloat-abi=soft -mthumb -o "Core/Src/rngForAes.o"
../Core/Src/rngForAes.c:31:19: error: conflicting types for 'SecureComms_GenerateNewIV_IT'; have 'HAL_StatusTypeDef(void)'
   31 | HAL_StatusTypeDef SecureComms_GenerateNewIV_IT(void) {
      |                   ^~~~~~~~~~~~~~~~~~~~~~~~~~~~
In file included from ../Core/Src/rngForAes.c:8:
../Core/Inc/rngForAes.h:26:6: note: previous declaration of 'SecureComms_GenerateNewIV_IT' with type 'void(void)'
   26 | void SecureComms_GenerateNewIV_IT(void);
      |      ^~~~~~~~~~~~~~~~~~~~~~~~~~~~
make: *** [Core/Src/subdir.mk:49: Core/Src/rngForAes.o] Error 1
"make -j16 all" terminated with exit code 2. Build might be incomplete.
22:33:39 **** Incremental Build of configuration Debug for project Nucleo-U083RC_-_RNG_and_AES ****
make -j16 all 
arm-none-eabi-gcc "../Core/Src/main.c" -mcpu=cortex-m0plus -std=gnu11 -g3 -DDEBUG -DUSE_NUCLEO_64 -DUSE_HAL_DRIVER -DSTM32U083xx -c -I../Core/Inc -I../Drivers/STM32U0xx_HAL_Driver/Inc -I../Drivers/STM32U0xx_HAL_Driver/Inc/Legacy -I../Drivers/BSP/STM32U0xx_Nucleo -I../Drivers/CMSIS/Device/ST/STM32U0xx/Include -I../Drivers/CMSIS/Include -O0 -ffunction-sections -fdata-sections -Wall -fstack-usage -fcyclomatic-complexity -MMD -MP -MF"Core/Src/main.d" -MT"Core/Src/main.o" --specs=nano.specs -mfloat-abi=soft -mthumb -o "Core/Src/main.o"
arm-none-eabi-gcc "../Core/Src/rng.c" -mcpu=cortex-m0plus -std=gnu11 -g3 -DDEBUG -DUSE_NUCLEO_64 -DUSE_HAL_DRIVER -DSTM32U083xx -c -I../Core/Inc -I../Drivers/STM32U0xx_HAL_Driver/Inc -I../Drivers/STM32U0xx_HAL_Driver/Inc/Legacy -I../Drivers/BSP/STM32U0xx_Nucleo -I../Drivers/CMSIS/Device/ST/STM32U0xx/Include -I../Drivers/CMSIS/Include -O0 -ffunction-sections -fdata-sections -Wall -fstack-usage -fcyclomatic-complexity -MMD -MP -MF"Core/Src/rng.d" -MT"Core/Src/rng.o" --specs=nano.specs -mfloat-abi=soft -mthumb -o "Core/Src/rng.o"
arm-none-eabi-gcc "../Core/Src/rngForAes.c" -mcpu=cortex-m0plus -std=gnu11 -g3 -DDEBUG -DUSE_NUCLEO_64 -DUSE_HAL_DRIVER -DSTM32U083xx -c -I../Core/Inc -I../Drivers/STM32U0xx_HAL_Driver/Inc -I../Drivers/STM32U0xx_HAL_Driver/Inc/Legacy -I../Drivers/BSP/STM32U0xx_Nucleo -I../Drivers/CMSIS/Device/ST/STM32U0xx/Include -I../Drivers/CMSIS/Include -O0 -ffunction-sections -fdata-sections -Wall -fstack-usage -fcyclomatic-complexity -MMD -MP -MF"Core/Src/rngForAes.d" -MT"Core/Src/rngForAes.o" --specs=nano.specs -mfloat-abi=soft -mthumb -o "Core/Src/rngForAes.o"
arm-none-eabi-gcc -o "Nucleo-U083RC_-_RNG_and_AES.elf" @"objects.list"   -mcpu=cortex-m0plus -T"D:\Users\Nauka\STM32CubeIDE\STM32_Monorepo\Nucleo-U083RC\RNG_and_AES\STM32U083RCTX_FLASH.ld" --specs=nosys.specs -Wl,-Map="Nucleo-U083RC_-_RNG_and_AES.map" -Wl,--gc-sections -static --specs=nano.specs -mfloat-abi=soft -mthumb -Wl,--start-group -lc -lm -Wl,--end-group
Finished building target: Nucleo-U083RC_-_RNG_and_AES.elf
 
arm-none-eabi-size  Nucleo-U083RC_-_RNG_and_AES.elf 
arm-none-eabi-objdump -h -S Nucleo-U083RC_-_RNG_and_AES.elf  > "Nucleo-U083RC_-_RNG_and_AES.list"
   text	   data	    bss	    dec	    hex	filename
  30656	    188	   2540	  33384	   8268	Nucleo-U083RC_-_RNG_and_AES.elf
Finished building: default.size.stdout
 
Finished building: Nucleo-U083RC_-_RNG_and_AES.list
 
22:34:54 **** Incremental Build of configuration Debug for project Nucleo-U083RC_-_RNG_and_AES ****
make -j16 all 
arm-none-eabi-gcc "../Core/Src/aes.c" -mcpu=cortex-m0plus -std=gnu11 -g3 -DDEBUG -DUSE_NUCLEO_64 -DUSE_HAL_DRIVER -DSTM32U083xx -c -I../Core/Inc -I../Drivers/STM32U0xx_HAL_Driver/Inc -I../Drivers/STM32U0xx_HAL_Driver/Inc/Legacy -I../Drivers/BSP/STM32U0xx_Nucleo -I../Drivers/CMSIS/Device/ST/STM32U0xx/Include -I../Drivers/CMSIS/Include -O0 -ffunction-sections -fdata-sections -Wall -fstack-usage -fcyclomatic-complexity -MMD -MP -MF"Core/Src/aes.d" -MT"Core/Src/aes.o" --specs=nano.specs -mfloat-abi=soft -mthumb -o "Core/Src/aes.o"
arm-none-eabi-gcc "../Core/Src/main.c" -mcpu=cortex-m0plus -std=gnu11 -g3 -DDEBUG -DUSE_NUCLEO_64 -DUSE_HAL_DRIVER -DSTM32U083xx -c -I../Core/Inc -I../Drivers/STM32U0xx_HAL_Driver/Inc -I../Drivers/STM32U0xx_HAL_Driver/Inc/Legacy -I../Drivers/BSP/STM32U0xx_Nucleo -I../Drivers/CMSIS/Device/ST/STM32U0xx/Include -I../Drivers/CMSIS/Include -O0 -ffunction-sections -fdata-sections -Wall -fstack-usage -fcyclomatic-complexity -MMD -MP -MF"Core/Src/main.d" -MT"Core/Src/main.o" --specs=nano.specs -mfloat-abi=soft -mthumb -o "Core/Src/main.o"
arm-none-eabi-gcc "../Core/Src/rng.c" -mcpu=cortex-m0plus -std=gnu11 -g3 -DDEBUG -DUSE_NUCLEO_64 -DUSE_HAL_DRIVER -DSTM32U083xx -c -I../Core/Inc -I../Drivers/STM32U0xx_HAL_Driver/Inc -I../Drivers/STM32U0xx_HAL_Driver/Inc/Legacy -I../Drivers/BSP/STM32U0xx_Nucleo -I../Drivers/CMSIS/Device/ST/STM32U0xx/Include -I../Drivers/CMSIS/Include -O0 -ffunction-sections -fdata-sections -Wall -fstack-usage -fcyclomatic-complexity -MMD -MP -MF"Core/Src/rng.d" -MT"Core/Src/rng.o" --specs=nano.specs -mfloat-abi=soft -mthumb -o "Core/Src/rng.o"
arm-none-eabi-gcc "../Core/Src/rngForAes.c" -mcpu=cortex-m0plus -std=gnu11 -g3 -DDEBUG -DUSE_NUCLEO_64 -DUSE_HAL_DRIVER -DSTM32U083xx -c -I../Core/Inc -I../Drivers/STM32U0xx_HAL_Driver/Inc -I../Drivers/STM32U0xx_HAL_Driver/Inc/Legacy -I../Drivers/BSP/STM32U0xx_Nucleo -I../Drivers/CMSIS/Device/ST/STM32U0xx/Include -I../Drivers/CMSIS/Include -O0 -ffunction-sections -fdata-sections -Wall -fstack-usage -fcyclomatic-complexity -MMD -MP -MF"Core/Src/rngForAes.d" -MT"Core/Src/rngForAes.o" --specs=nano.specs -mfloat-abi=soft -mthumb -o "Core/Src/rngForAes.o"
arm-none-eabi-gcc -o "Nucleo-U083RC_-_RNG_and_AES.elf" @"objects.list"   -mcpu=cortex-m0plus -T"D:\Users\Nauka\STM32CubeIDE\STM32_Monorepo\Nucleo-U083RC\RNG_and_AES\STM32U083RCTX_FLASH.ld" --specs=nosys.specs -Wl,-Map="Nucleo-U083RC_-_RNG_and_AES.map" -Wl,--gc-sections -static --specs=nano.specs -mfloat-abi=soft -mthumb -Wl,--start-group -lc -lm -Wl,--end-group
Finished building target: Nucleo-U083RC_-_RNG_and_AES.elf
 
arm-none-eabi-size  Nucleo-U083RC_-_RNG_and_AES.elf 
arm-none-eabi-objdump -h -S Nucleo-U083RC_-_RNG_and_AES.elf  > "Nucleo-U083RC_-_RNG_and_AES.list"
   text	   data	    bss	    dec	    hex	filename
  31320	    188	   2540	  34048	   8500	Nucleo-U083RC_-_RNG_and_AES.elf
Finished building: default.size.stdout
 
Finished building: Nucleo-U083RC_-_RNG_and_AES.list
 
22:36:53 **** Incremental Build of configuration Debug for project Nucleo-U083RC_-_RNG_and_AES ****
make -j16 all 
arm-none-eabi-gcc "../Core/Src/rngForAes.c" -mcpu=cortex-m0plus -std=gnu11 -g3 -DDEBUG -DUSE_NUCLEO_64 -DUSE_HAL_DRIVER -DSTM32U083xx -c -I../Core/Inc -I../Drivers/STM32U0xx_HAL_Driver/Inc -I../Drivers/STM32U0xx_HAL_Driver/Inc/Legacy -I../Drivers/BSP/STM32U0xx_Nucleo -I../Drivers/CMSIS/Device/ST/STM32U0xx/Include -I../Drivers/CMSIS/Include -O0 -ffunction-sections -fdata-sections -Wall -fstack-usage -fcyclomatic-complexity -MMD -MP -MF"Core/Src/rngForAes.d" -MT"Core/Src/rngForAes.o" --specs=nano.specs -mfloat-abi=soft -mthumb -o "Core/Src/rngForAes.o"
arm-none-eabi-gcc -o "Nucleo-U083RC_-_RNG_and_AES.elf" @"objects.list"   -mcpu=cortex-m0plus -T"D:\Users\Nauka\STM32CubeIDE\STM32_Monorepo\Nucleo-U083RC\RNG_and_AES\STM32U083RCTX_FLASH.ld" --specs=nosys.specs -Wl,-Map="Nucleo-U083RC_-_RNG_and_AES.map" -Wl,--gc-sections -static --specs=nano.specs -mfloat-abi=soft -mthumb -Wl,--start-group -lc -lm -Wl,--end-group
Finished building target: Nucleo-U083RC_-_RNG_and_AES.elf
 
arm-none-eabi-size  Nucleo-U083RC_-_RNG_and_AES.elf 
arm-none-eabi-objdump -h -S Nucleo-U083RC_-_RNG_and_AES.elf  > "Nucleo-U083RC_-_RNG_and_AES.list"
   text	   data	    bss	    dec	    hex	filename
  31316	    188	   2540	  34044	   84fc	Nucleo-U083RC_-_RNG_and_AES.elf
Finished building: default.size.stdout
 
Finished building: Nucleo-U083RC_-_RNG_and_AES.list
 
22:48:08 **** Incremental Build of configuration Debug for project Nucleo-U083RC_-_RNG_and_AES ****
make -j16 all 
arm-none-eabi-gcc "../Core/Src/main.c" -mcpu=cortex-m0plus -std=gnu11 -g3 -DDEBUG -DUSE_NUCLEO_64 -DUSE_HAL_DRIVER -DSTM32U083xx -c -I../Core/Inc -I../Drivers/STM32U0xx_HAL_Driver/Inc -I../Drivers/STM32U0xx_HAL_Driver/Inc/Legacy -I../Drivers/BSP/STM32U0xx_Nucleo -I../Drivers/CMSIS/Device/ST/STM32U0xx/Include -I../Drivers/CMSIS/Include -O0 -ffunction-sections -fdata-sections -Wall -fstack-usage -fcyclomatic-complexity -MMD -MP -MF"Core/Src/main.d" -MT"Core/Src/main.o" --specs=nano.specs -mfloat-abi=soft -mthumb -o "Core/Src/main.o"
arm-none-eabi-gcc "../Core/Src/rng.c" -mcpu=cortex-m0plus -std=gnu11 -g3 -DDEBUG -DUSE_NUCLEO_64 -DUSE_HAL_DRIVER -DSTM32U083xx -c -I../Core/Inc -I../Drivers/STM32U0xx_HAL_Driver/Inc -I../Drivers/STM32U0xx_HAL_Driver/Inc/Legacy -I../Drivers/BSP/STM32U0xx_Nucleo -I../Drivers/CMSIS/Device/ST/STM32U0xx/Include -I../Drivers/CMSIS/Include -O0 -ffunction-sections -fdata-sections -Wall -fstack-usage -fcyclomatic-complexity -MMD -MP -MF"Core/Src/rng.d" -MT"Core/Src/rng.o" --specs=nano.specs -mfloat-abi=soft -mthumb -o "Core/Src/rng.o"
[...]
Finished building target: Nucleo-U083RC_-_RNG_and_AES.elf
 
arm-none-eabi-size  Nucleo-U083RC_-_RNG_and_AES.elf 
arm-none-eabi-objdump -h -S Nucleo-U083RC_-_RNG_and_AES.elf  > "Nucleo-U083RC_-_RNG_and_AES.list"
   text	   data	    bss	    dec	    hex	filename
  30968	    188	   2540	  33696	   83a0	Nucleo-U083RC_-_RNG_and_AES.elf
Finished building: default.size.stdout
 
Finished building: Nucleo-U083RC_-_RNG_and_AES.list
 
23:24:02 **** Incremental Build of configuration Debug for project Nucleo-U083RC_-_RNG_and_AES ****
make -j16 all 
arm-none-eabi-gcc "../Core/Src/main.c" -mcpu=cortex-m0plus -std=gnu11 -g3 -DDEBUG -DUSE_NUCLEO_64 -DUSE_HAL_DRIVER -DSTM32U083xx -c -I../Core/Inc -I../Drivers/STM32U0xx_HAL_Driver/Inc -I../Drivers/STM32U0xx_HAL_Driver/Inc/Legacy -I../Drivers/BSP/STM32U0xx_Nucleo -I../Drivers/CMSIS/Device/ST/STM32U0xx/Include -I../Drivers/CMSIS/Include -O0 -ffunction-sections -fdata-sections -Wall -fstack-usage -fcyclomatic-complexity -MMD -MP -MF"Core/Src/main.d" -MT"Core/Src/main.o" --specs=nano.specs -mfloat-abi=soft -mthumb -o "Core/Src/main.o"
arm-none-eabi-gcc -o "Nucleo-U083RC_-_RNG_and_AES.elf" @"objects.list"   -mcpu=cortex-m0plus -T"D:\Users\Nauka\STM32CubeIDE\STM32_Monorepo\Nucleo-U083RC\RNG_and_AES\STM32U083RCTX_FLASH.ld" --specs=nosys.specs -Wl,-Map="Nucleo-U083RC_-_RNG_and_AES.map" -Wl,--gc-sections -static --specs=nano.specs -mfloat-abi=soft -mthumb -Wl,--start-group -lc -lm -Wl,--end-group
Finished building target: Nucleo-U083RC_-_RNG_and_AES.elf
 
arm-none-eabi-size  Nucleo-U083RC_-_RNG_and_AES.elf 
arm-none-eabi-objdump -h -S Nucleo-U083RC_-_RNG_and_AES.elf  > "Nucleo-U083RC_-_RNG_and_AES.list"
   text	   data	    bss	    dec	    hex	filename
  31044	    188	   2540	  33772	   83ec	Nucleo-U083RC_-_RNG_and_AES.elf
Finished building: default.size.stdout
 
Finished building: Nucleo-U083RC_-_RNG_and_AES.list
 
23:27:14 **** Incremental Build of configuration Debug for project Nucleo-U083RC_-_RNG_and_AES ****
make -j16 all 
arm-none-eabi-gcc "../Core/Src/main.c" -mcpu=cortex-m0plus -std=gnu11 -g3 -DDEBUG -DUSE_NUCLEO_64 -DUSE_HAL_DRIVER -DSTM32U083xx -c -I../Core/Inc -I../Drivers/STM32U0xx_HAL_Driver/Inc -I../Drivers/STM32U0xx_HAL_Driver/Inc/Legacy -I../Drivers/BSP/STM32U0xx_Nucleo -I../Drivers/CMSIS/Device/ST/STM32U0xx/Include -I../Drivers/CMSIS/Include -O0 -ffunction-sections -fdata-sections -Wall -fstack-usage -fcyclomatic-complexity -MMD -MP -MF"Core/Src/main.d" -MT"Core/Src/main.o" --specs=nano.specs -mfloat-abi=soft -mthumb -o "Core/Src/main.o"
arm-none-eabi-gcc -o "Nucleo-U083RC_-_RNG_and_AES.elf" @"objects.list"   -mcpu=cortex-m0plus -T"D:\Users\Nauka\STM32CubeIDE\STM32_Monorepo\Nucleo-U083RC\RNG_and_AES\STM32U083RCTX_FLASH.ld" --specs=nosys.specs -Wl,-Map="Nucleo-U083RC_-_RNG_and_AES.map" -Wl,--gc-sections -static --specs=nano.specs -mfloat-abi=soft -mthumb -Wl,--start-group -lc -lm -Wl,--end-group
Finished building target: Nucleo-U083RC_-_RNG_and_AES.elf
 
arm-none-eabi-size  Nucleo-U083RC_-_RNG_and_AES.elf 
arm-none-eabi-objdump -h -S Nucleo-U083RC_-_RNG_and_AES.elf  > "Nucleo-U083RC_-_RNG_and_AES.list"
   text	   data	    bss	    dec	    hex	filename
  30956	    188	   2540	  33684	   8394	Nucleo-U083RC_-_RNG_and_AES.elf
Finished building: default.size.stdout
 
Finished building: Nucleo-U083RC_-_RNG_and_AES.list
 
23:29:20 **** Incremental Build of configuration Debug for project Nucleo-U083RC_-_RNG_and_AES ****
make -j16 all 
arm-none-eabi-gcc "../Core/Src/main.c" -mcpu=cortex-m0plus -std=gnu11 -g3 -DDEBUG -DUSE_NUCLEO_64 -DUSE_HAL_DRIVER -DSTM32U083xx -c -I../Core/Inc -I../Drivers/STM32U0xx_HAL_Driver/Inc -I../Drivers/STM32U0xx_HAL_Driver/Inc/Legacy -I../Drivers/BSP/STM32U0xx_Nucleo -I../Drivers/CMSIS/Device/ST/STM32U0xx/Include -I../Drivers/CMSIS/Include -O0 -ffunction-sections -fdata-sections -Wall -fstack-usage -fcyclomatic-complexity -MMD -MP -MF"Core/Src/main.d" -MT"Core/Src/main.o" --specs=nano.specs -mfloat-abi=soft -mthumb -o "Core/Src/main.o"
arm-none-eabi-gcc -o "Nucleo-U083RC_-_RNG_and_AES.elf" @"objects.list"   -mcpu=cortex-m0plus -T"D:\Users\Nauka\STM32CubeIDE\STM32_Monorepo\Nucleo-U083RC\RNG_and_AES\STM32U083RCTX_FLASH.ld" --specs=nosys.specs -Wl,-Map="Nucleo-U083RC_-_RNG_and_AES.map" -Wl,--gc-sections -static --specs=nano.specs -mfloat-abi=soft -mthumb -Wl,--start-group -lc -lm -Wl,--end-group
Finished building target: Nucleo-U083RC_-_RNG_and_AES.elf
 
arm-none-eabi-size  Nucleo-U083RC_-_RNG_and_AES.elf 
arm-none-eabi-objdump -h -S Nucleo-U083RC_-_RNG_and_AES.elf  > "Nucleo-U083RC_-_RNG_and_AES.list"
   text	   data	    bss	    dec	    hex	filename
  30896	    188	   2540	  33624	   8358	Nucleo-U083RC_-_RNG_and_AES.elf
Finished building: default.size.stdout
 
Finished building: Nucleo-U083RC_-_RNG_and_AES.list
 
23:34:43 **** Incremental Build of configuration Debug for project Nucleo-U083RC_-_RNG_and_AES ****
make -j16 all 
arm-none-eabi-gcc "../Core/Src/main.c" -mcpu=cortex-m0plus -std=gnu11 -g3 -DDEBUG -DUSE_NUCLEO_64 -DUSE_HAL_DRIVER -DSTM32U083xx -c -I../Core/Inc -I../Drivers/STM32U0xx_HAL_Driver/Inc -I../Drivers/STM32U0xx_HAL_Driver/Inc/Legacy -I../Drivers/BSP/STM32U0xx_Nucleo -I../Drivers/CMSIS/Device/ST/STM32U0xx/Include -I../Drivers/CMSIS/Include -O0 -ffunction-sections -fdata-sections -Wall -fstack-usage -fcyclomatic-complexity -MMD -MP -MF"Core/Src/main.d" -MT"Core/Src/main.o" --specs=nano.specs -mfloat-abi=soft -mthumb -o "Core/Src/main.o"
arm-none-eabi-gcc "../Core/Src/rng.c" -mcpu=cortex-m0plus -std=gnu11 -g3 -DDEBUG -DUSE_NUCLEO_64 -DUSE_HAL_DRIVER -DSTM32U083xx -c -I../Core/Inc -I../Drivers/STM32U0xx_HAL_Driver/Inc -I../Drivers/STM32U0xx_HAL_Driver/Inc/Legacy -I../Drivers/BSP/STM32U0xx_Nucleo -I../Drivers/CMSIS/Device/ST/STM32U0xx/Include -I../Drivers/CMSIS/Include -O0 -ffunction-sections -fdata-sections -Wall -fstack-usage -fcyclomatic-complexity -MMD -MP -MF"Core/Src/rng.d" -MT"Core/Src/rng.o" --specs=nano.specs -mfloat-abi=soft -mthumb -o "Core/Src/rng.o"
arm-none-eabi-gcc "../Core/Src/rngForAes.c" -mcpu=cortex-m0plus -std=gnu11 -g3 -DDEBUG -DUSE_NUCLEO_64 -DUSE_HAL_DRIVER -DSTM32U083xx -c -I../Core/Inc -I../Drivers/STM32U0xx_HAL_Driver/Inc -I../Drivers/STM32U0xx_HAL_Driver/Inc/Legacy -I../Drivers/BSP/STM32U0xx_Nucleo -I../Drivers/CMSIS/Device/ST/STM32U0xx/Include -I../Drivers/CMSIS/Include -O0 -ffunction-sections -fdata-sections -Wall -fstack-usage -fcyclomatic-complexity -MMD -MP -MF"Core/Src/rngForAes.d" -MT"Core/Src/rngForAes.o" --specs=nano.specs -mfloat-abi=soft -mthumb -o "Core/Src/rngForAes.o"
../Core/Src/rng.c: In function 'HAL_RNG_ReadyDataCallback':
../Core/Src/rng.c:173:21: error: 'iv_word_count' undeclared (first use in this function)
  173 |                 if (iv_word_count < 4) {
      |                     ^~~~~~~~~~~~~
../Core/Src/rng.c:173:21: note: each undeclared identifier is reported only once for each function it appears in
../Core/Src/rng.c:179:25: error: 'iv_ready' undeclared (first use in this function)
  179 |                         iv_ready = 1;
      |                         ^~~~~~~~
make: *** [Core/Src/subdir.mk:49: Core/Src/rng.o] Error 1
make: *** Waiting for unfinished jobs....
"make -j16 all" terminated with exit code 2. Build might be incomplete.
23:35:26 **** Incremental Build of configuration Debug for project Nucleo-U083RC_-_RNG_and_AES ****
make -j16 all 
arm-none-eabi-gcc "../Core/Src/rng.c" -mcpu=cortex-m0plus -std=gnu11 -g3 -DDEBUG -DUSE_NUCLEO_64 -DUSE_HAL_DRIVER -DSTM32U083xx -c -I../Core/Inc -I../Drivers/STM32U0xx_HAL_Driver/Inc -I../Drivers/STM32U0xx_HAL_Driver/Inc/Legacy -I../Drivers/BSP/STM32U0xx_Nucleo -I../Drivers/CMSIS/Device/ST/STM32U0xx/Include -I../Drivers/CMSIS/Include -O0 -ffunction-sections -fdata-sections -Wall -fstack-usage -fcyclomatic-complexity -MMD -MP -MF"Core/Src/rng.d" -MT"Core/Src/rng.o" --specs=nano.specs -mfloat-abi=soft -mthumb -o "Core/Src/rng.o"
../Core/Src/rng.c: In function 'HAL_RNG_ReadyDataCallback':
../Core/Src/rng.c:174:34: error: 'reshIv' undeclared (first use in this function); did you mean 'freshIv'?
  174 |                     pInitVectAES[reshIv.generatingStage] = random32bit;
      |                                  ^~~~~~
      |                                  freshIv
../Core/Src/rng.c:174:34: note: each undeclared identifier is reported only once for each function it appears in
make: *** [Core/Src/subdir.mk:49: Core/Src/rng.o] Error 1
"make -j16 all" terminated with exit code 2. Build might be incomplete.
23:35:33 **** Incremental Build of configuration Debug for project Nucleo-U083RC_-_RNG_and_AES ****
make -j16 all 
arm-none-eabi-gcc "../Core/Src/rng.c" -mcpu=cortex-m0plus -std=gnu11 -g3 -DDEBUG -DUSE_NUCLEO_64 -DUSE_HAL_DRIVER -DSTM32U083xx -c -I../Core/Inc -I../Drivers/STM32U0xx_HAL_Driver/Inc -I../Drivers/STM32U0xx_HAL_Driver/Inc/Legacy -I../Drivers/BSP/STM32U0xx_Nucleo -I../Drivers/CMSIS/Device/ST/STM32U0xx/Include -I../Drivers/CMSIS/Include -O0 -ffunction-sections -fdata-sections -Wall -fstack-usage -fcyclomatic-complexity -MMD -MP -MF"Core/Src/rng.d" -MT"Core/Src/rng.o" --specs=nano.specs -mfloat-abi=soft -mthumb -o "Core/Src/rng.o"
../Core/Src/rng.c: In function 'HAL_RNG_ReadyDataCallback':
../Core/Src/rng.c:175:21: error: 'reshIv' undeclared (first use in this function); did you mean 'freshIv'?
  175 |                     reshIv.generatingStage++;
      |                     ^~~~~~
      |                     freshIv
../Core/Src/rng.c:175:21: note: each undeclared identifier is reported only once for each function it appears in
make: *** [Core/Src/subdir.mk:49: Core/Src/rng.o] Error 1
"make -j16 all" terminated with exit code 2. Build might be incomplete.
23:35:38 **** Incremental Build of configuration Debug for project Nucleo-U083RC_-_RNG_and_AES ****
make -j16 all 
arm-none-eabi-gcc "../Core/Src/rng.c" -mcpu=cortex-m0plus -std=gnu11 -g3 -DDEBUG -DUSE_NUCLEO_64 -DUSE_HAL_DRIVER -DSTM32U083xx -c -I../Core/Inc -I../Drivers/STM32U0xx_HAL_Driver/Inc -I../Drivers/STM32U0xx_HAL_Driver/Inc/Legacy -I../Drivers/BSP/STM32U0xx_Nucleo -I../Drivers/CMSIS/Device/ST/STM32U0xx/Include -I../Drivers/CMSIS/Include -O0 -ffunction-sections -fdata-sections -Wall -fstack-usage -fcyclomatic-complexity -MMD -MP -MF"Core/Src/rng.d" -MT"Core/Src/rng.o" --specs=nano.specs -mfloat-abi=soft -mthumb -o "Core/Src/rng.o"
../Core/Src/rng.c: In function 'HAL_RNG_ReadyDataCallback':
../Core/Src/rng.c:176:25: error: 'reshIv' undeclared (first use in this function); did you mean 'freshIv'?
  176 |                     if (reshIv.generatingStage < 4) {
      |                         ^~~~~~
      |                         freshIv
../Core/Src/rng.c:176:25: note: each undeclared identifier is reported only once for each function it appears in
make: *** [Core/Src/subdir.mk:49: Core/Src/rng.o] Error 1
"make -j16 all" terminated with exit code 2. Build might be incomplete.
23:35:42 **** Incremental Build of configuration Debug for project Nucleo-U083RC_-_RNG_and_AES ****
make -j16 all 
arm-none-eabi-gcc "../Core/Src/rng.c" -mcpu=cortex-m0plus -std=gnu11 -g3 -DDEBUG -DUSE_NUCLEO_64 -DUSE_HAL_DRIVER -DSTM32U083xx -c -I../Core/Inc -I../Drivers/STM32U0xx_HAL_Driver/Inc -I../Drivers/STM32U0xx_HAL_Driver/Inc/Legacy -I../Drivers/BSP/STM32U0xx_Nucleo -I../Drivers/CMSIS/Device/ST/STM32U0xx/Include -I../Drivers/CMSIS/Include -O0 -ffunction-sections -fdata-sections -Wall -fstack-usage -fcyclomatic-complexity -MMD -MP -MF"Core/Src/rng.d" -MT"Core/Src/rng.o" --specs=nano.specs -mfloat-abi=soft -mthumb -o "Core/Src/rng.o"
arm-none-eabi-gcc -o "Nucleo-U083RC_-_RNG_and_AES.elf" @"objects.list"   -mcpu=cortex-m0plus -T"D:\Users\Nauka\STM32CubeIDE\STM32_Monorepo\Nucleo-U083RC\RNG_and_AES\STM32U083RCTX_FLASH.ld" --specs=nosys.specs -Wl,-Map="Nucleo-U083RC_-_RNG_and_AES.map" -Wl,--gc-sections -static --specs=nano.specs -mfloat-abi=soft -mthumb -Wl,--start-group -lc -lm -Wl,--end-group
Finished building target: Nucleo-U083RC_-_RNG_and_AES.elf
 
arm-none-eabi-size  Nucleo-U083RC_-_RNG_and_AES.elf 
arm-none-eabi-objdump -h -S Nucleo-U083RC_-_RNG_and_AES.elf  > "Nucleo-U083RC_-_RNG_and_AES.list"
   text	   data	    bss	    dec	    hex	filename
  30916	    188	   2540	  33644	   836c	Nucleo-U083RC_-_RNG_and_AES.elf
Finished building: default.size.stdout
 
Finished building: Nucleo-U083RC_-_RNG_and_AES.list
 
23:35:44 **** Incremental Build of configuration Debug for project Nucleo-U083RC_-_RNG_and_AES ****
make -j16 all 
arm-none-eabi-size  Nucleo-U083RC_-_RNG_and_AES.elf 
   text	   data	    bss	    dec	    hex	filename
  30916	    188	   2540	  33644	   836c	Nucleo-U083RC_-_RNG_and_AES.elf
Finished building: default.size.stdout
 
23:35:45 **** Incremental Build of configuration Debug for project Nucleo-U083RC_-_RNG_and_AES ****
make -j16 all 
arm-none-eabi-size  Nucleo-U083RC_-_RNG_and_AES.elf 
   text	   data	    bss	    dec	    hex	filename
  30916	    188	   2540	  33644	   836c	Nucleo-U083RC_-_RNG_and_AES.elf
Finished building: default.size.stdout
 
23:37:03 **** Incremental Build of configuration Debug for project Nucleo-U083RC_-_RNG_and_AES ****
make -j16 all 
arm-none-eabi-gcc "../Core/Src/main.c" -mcpu=cortex-m0plus -std=gnu11 -g3 -DDEBUG -DUSE_NUCLEO_64 -DUSE_HAL_DRIVER -DSTM32U083xx -c -I../Core/Inc -I../Drivers/STM32U0xx_HAL_Driver/Inc -I../Drivers/STM32U0xx_HAL_Driver/Inc/Legacy -I../Drivers/BSP/STM32U0xx_Nucleo -I../Drivers/CMSIS/Device/ST/STM32U0xx/Include -I../Drivers/CMSIS/Include -O0 -ffunction-sections -fdata-sections -Wall -fstack-usage -fcyclomatic-complexity -MMD -MP -MF"Core/Src/main.d" -MT"Core/Src/main.o" --specs=nano.specs -mfloat-abi=soft -mthumb -o "Core/Src/main.o"
arm-none-eabi-gcc -o "Nucleo-U083RC_-_RNG_and_AES.elf" @"objects.list"   -mcpu=cortex-m0plus -T"D:\Users\Nauka\STM32CubeIDE\STM32_Monorepo\Nucleo-U083RC\RNG_and_AES\STM32U083RCTX_FLASH.ld" --specs=nosys.specs -Wl,-Map="Nucleo-U083RC_-_RNG_and_AES.map" -Wl,--gc-sections -static --specs=nano.specs -mfloat-abi=soft -mthumb -Wl,--start-group -lc -lm -Wl,--end-group
Finished building target: Nucleo-U083RC_-_RNG_and_AES.elf
 
arm-none-eabi-size  Nucleo-U083RC_-_RNG_and_AES.elf 
arm-none-eabi-objdump -h -S Nucleo-U083RC_-_RNG_and_AES.elf  > "Nucleo-U083RC_-_RNG_and_AES.list"
   text	   data	    bss	    dec	    hex	filename
  30984	    188	   2540	  33712	   83b0	Nucleo-U083RC_-_RNG_and_AES.elf
Finished building: default.size.stdout
 
Finished building: Nucleo-U083RC_-_RNG_and_AES.list
 
00:12:15 **** Incremental Build of configuration Debug for project Nucleo-U083RC_-_RNG_and_AES ****
make -j16 all 
arm-none-eabi-gcc "../Core/Src/main.c" -mcpu=cortex-m0plus -std=gnu11 -g3 -DDEBUG -DUSE_NUCLEO_64 -DUSE_HAL_DRIVER -DSTM32U083xx -c -I../Core/Inc -I../Drivers/STM32U0xx_HAL_Driver/Inc -I../Drivers/STM32U0xx_HAL_Driver/Inc/Legacy -I../Drivers/BSP/STM32U0xx_Nucleo -I../Drivers/CMSIS/Device/ST/STM32U0xx/Include -I../Drivers/CMSIS/Include -O0 -ffunction-sections -fdata-sections -Wall -fstack-usage -fcyclomatic-complexity -MMD -MP -MF"Core/Src/main.d" -MT"Core/Src/main.o" --specs=nano.specs -mfloat-abi=soft -mthumb -o "Core/Src/main.o"
arm-none-eabi-gcc "../Core/Src/rng.c" -mcpu=cortex-m0plus -std=gnu11 -g3 -DDEBUG -DUSE_NUCLEO_64 -DUSE_HAL_DRIVER -DSTM32U083xx -c -I../Core/Inc -I../Drivers/STM32U0xx_HAL_Driver/Inc -I../Drivers/STM32U0xx_HAL_Driver/Inc/Legacy -I../Drivers/BSP/STM32U0xx_Nucleo -I../Drivers/CMSIS/Device/ST/STM32U0xx/Include -I../Drivers/CMSIS/Include -O0 -ffunction-sections -fdata-sections -Wall -fstack-usage -fcyclomatic-complexity -MMD -MP -MF"Core/Src/rng.d" -MT"Core/Src/rng.o" --specs=nano.specs -mfloat-abi=soft -mthumb -o "Core/Src/rng.o"
arm-none-eabi-gcc "../Core/Src/rngForAes.c" -mcpu=cortex-m0plus -std=gnu11 -g3 -DDEBUG -DUSE_NUCLEO_64 -DUSE_HAL_DRIVER -DSTM32U083xx -c -I../Core/Inc -I../Drivers/STM32U0xx_HAL_Driver/Inc -I../Drivers/STM32U0xx_HAL_Driver/Inc/Legacy -I../Drivers/BSP/STM32U0xx_Nucleo -I../Drivers/CMSIS/Device/ST/STM32U0xx/Include -I../Drivers/CMSIS/Include -O0 -ffunction-sections -fdata-sections -Wall -fstack-usage -fcyclomatic-complexity -MMD -MP -MF"Core/Src/rngForAes.d" -MT"Core/Src/rngForAes.o" --specs=nano.specs -mfloat-abi=soft -mthumb -o "Core/Src/rngForAes.o"
In file included from ../Core/Src/main.c:23:
../Core/Inc/rng.h:42:17: error: unknown type name 'rngMode_enum'
   42 | extern volatile rngMode_enum currentRngMode;
      |                 ^~~~~~~~~~~~
make: *** [Core/Src/subdir.mk:49: Core/Src/main.o] Error 1
make: *** Waiting for unfinished jobs....
In file included from ../Core/Inc/rngForAes.h:12,
                 from ../Core/Src/rngForAes.c:8:
../Core/Inc/rng.h:42:17: error: unknown type name 'rngMode_enum'
   42 | extern volatile rngMode_enum currentRngMode;
      |                 ^~~~~~~~~~~~
In file included from ../Core/Src/rng.c:21:
../Core/Inc/rng.h:42:17: error: unknown type name 'rngMode_enum'
   42 | extern volatile rngMode_enum currentRngMode;
      |                 ^~~~~~~~~~~~
../Core/Src/rng.c:32:23: error: conflicting types for 'currentRngMode'; have 'rngMode_enum'
   32 | volatile rngMode_enum currentRngMode = RNG_MODE_IDLE;
      |                       ^~~~~~~~~~~~~~
../Core/Inc/rng.h:42:30: note: previous declaration of 'currentRngMode' with type 'int'
   42 | extern volatile rngMode_enum currentRngMode;
      |                              ^~~~~~~~~~~~~~
make: *** [Core/Src/subdir.mk:49: Core/Src/rngForAes.o] Error 1
make: *** [Core/Src/subdir.mk:49: Core/Src/rng.o] Error 1
"make -j16 all" terminated with exit code 2. Build might be incomplete.
00:12:34 **** Incremental Build of configuration Debug for project Nucleo-U083RC_-_RNG_and_AES ****
make -j16 all 
arm-none-eabi-gcc "../Core/Src/main.c" -mcpu=cortex-m0plus -std=gnu11 -g3 -DDEBUG -DUSE_NUCLEO_64 -DUSE_HAL_DRIVER -DSTM32U083xx -c -I../Core/Inc -I../Drivers/STM32U0xx_HAL_Driver/Inc -I../Drivers/STM32U0xx_HAL_Driver/Inc/Legacy -I../Drivers/BSP/STM32U0xx_Nucleo -I../Drivers/CMSIS/Device/ST/STM32U0xx/Include -I../Drivers/CMSIS/Include -O0 -ffunction-sections -fdata-sections -Wall -fstack-usage -fcyclomatic-complexity -MMD -MP -MF"Core/Src/main.d" -MT"Core/Src/main.o" --specs=nano.specs -mfloat-abi=soft -mthumb -o "Core/Src/main.o"
arm-none-eabi-gcc "../Core/Src/rng.c" -mcpu=cortex-m0plus -std=gnu11 -g3 -DDEBUG -DUSE_NUCLEO_64 -DUSE_HAL_DRIVER -DSTM32U083xx -c -I../Core/Inc -I../Drivers/STM32U0xx_HAL_Driver/Inc -I../Drivers/STM32U0xx_HAL_Driver/Inc/Legacy -I../Drivers/BSP/STM32U0xx_Nucleo -I../Drivers/CMSIS/Device/ST/STM32U0xx/Include -I../Drivers/CMSIS/Include -O0 -ffunction-sections -fdata-sections -Wall -fstack-usage -fcyclomatic-complexity -MMD -MP -MF"Core/Src/rng.d" -MT"Core/Src/rng.o" --specs=nano.specs -mfloat-abi=soft -mthumb -o "Core/Src/rng.o"
arm-none-eabi-gcc "../Core/Src/rngForAes.c" -mcpu=cortex-m0plus -std=gnu11 -g3 -DDEBUG -DUSE_NUCLEO_64 -DUSE_HAL_DRIVER -DSTM32U083xx -c -I../Core/Inc -I../Drivers/STM32U0xx_HAL_Driver/Inc -I../Drivers/STM32U0xx_HAL_Driver/Inc/Legacy -I../Drivers/BSP/STM32U0xx_Nucleo -I../Drivers/CMSIS/Device/ST/STM32U0xx/Include -I../Drivers/CMSIS/Include -O0 -ffunction-sections -fdata-sections -Wall -fstack-usage -fcyclomatic-complexity -MMD -MP -MF"Core/Src/rngForAes.d" -MT"Core/Src/rngForAes.o" --specs=nano.specs -mfloat-abi=soft -mthumb -o "Core/Src/rngForAes.o"
arm-none-eabi-gcc -o "Nucleo-U083RC_-_RNG_and_AES.elf" @"objects.list"   -mcpu=cortex-m0plus -T"D:\Users\Nauka\STM32CubeIDE\STM32_Monorepo\Nucleo-U083RC\RNG_and_AES\STM32U083RCTX_FLASH.ld" --specs=nosys.specs -Wl,-Map="Nucleo-U083RC_-_RNG_and_AES.map" -Wl,--gc-sections -static --specs=nano.specs -mfloat-abi=soft -mthumb -Wl,--start-group -lc -lm -Wl,--end-group
Finished building target: Nucleo-U083RC_-_RNG_and_AES.elf
 
arm-none-eabi-size  Nucleo-U083RC_-_RNG_and_AES.elf 
arm-none-eabi-objdump -h -S Nucleo-U083RC_-_RNG_and_AES.elf  > "Nucleo-U083RC_-_RNG_and_AES.list"
   text	   data	    bss	    dec	    hex	filename
  30984	    188	   2540	  33712	   83b0	Nucleo-U083RC_-_RNG_and_AES.elf
Finished building: default.size.stdout
 
Finished building: Nucleo-U083RC_-_RNG_and_AES.list
 
