20:08:22 **** Build of configuration Debug for project Nucleo-U083RC_-_RNG_and_AES ****
make -j16 all 
arm-none-eabi-gcc "../Drivers/STM32U0xx_HAL_Driver/Src/stm32u0xx_hal.c" -mcpu=cortex-m0plus -std=gnu11 -g3 -DDEBUG -DUSE_NUCLEO_64 -DUSE_HAL_DRIVER -DSTM32U083xx -c -I../Core/Inc -I../Drivers/STM32U0xx_HAL_Driver/Inc -I../Drivers/STM32U0xx_HAL_Driver/Inc/Legacy -I../Drivers/BSP/STM32U0xx_Nucleo -I../Drivers/CMSIS/Device/ST/STM32U0xx/Include -I../Drivers/CMSIS/Include -O0 -ffunction-sections -fdata-sections -Wall -fstack-usage -fcyclomatic-complexity -MMD -MP -MF"Drivers/STM32U0xx_HAL_Driver/Src/stm32u0xx_hal.d" -MT"Drivers/STM32U0xx_HAL_Driver/Src/stm32u0xx_hal.o" --specs=nano.specs -mfloat-abi=soft -mthumb -o "Drivers/STM32U0xx_HAL_Driver/Src/stm32u0xx_hal.o"
arm-none-eabi-gcc "../Drivers/STM32U0xx_HAL_Driver/Src/stm32u0xx_hal_cortex.c" -mcpu=cortex-m0plus -std=gnu11 -g3 -DDEBUG -DUSE_NUCLEO_64 -DUSE_HAL_DRIVER -DSTM32U083xx -c -I../Core/Inc -I../Drivers/STM32U0xx_HAL_Driver/Inc -I../Drivers/STM32U0xx_HAL_Driver/Inc/Legacy -I../Drivers/BSP/STM32U0xx_Nucleo -I../Drivers/CMSIS/Device/ST/STM32U0xx/Include -I../Drivers/CMSIS/Include -O0 -ffunction-sections -fdata-sections -Wall -fstack-usage -fcyclomatic-complexity -MMD -MP -MF"Drivers/STM32U0xx_HAL_Driver/Src/stm32u0xx_hal_cortex.d" -MT"Drivers/STM32U0xx_HAL_Driver/Src/stm32u0xx_hal_cortex.o" --specs=nano.specs -mfloat-abi=soft -mthumb -o "Drivers/STM32U0xx_HAL_Driver/Src/stm32u0xx_hal_cortex.o"
arm-none-eabi-gcc "../Drivers/STM32U0xx_HAL_Driver/Src/stm32u0xx_hal_cryp.c" -mcpu=cortex-m0plus -std=gnu11 -g3 -DDEBUG -DUSE_NUCLEO_64 -DUSE_HAL_DRIVER -DSTM32U083xx -c -I../Core/Inc -I../Drivers/STM32U0xx_HAL_Driver/Inc -I../Drivers/STM32U0xx_HAL_Driver/Inc/Legacy -I../Drivers/BSP/STM32U0xx_Nucleo -I../Drivers/CMSIS/Device/ST/STM32U0xx/Include -I../Drivers/CMSIS/Include -O0 -ffunction-sections -fdata-sections -Wall -fstack-usage -fcyclomatic-complexity -MMD -MP -MF"Drivers/STM32U0xx_HAL_Driver/Src/stm32u0xx_hal_cryp.d" -MT"Drivers/STM32U0xx_HAL_Driver/Src/stm32u0xx_hal_cryp.o" --specs=nano.specs -mfloat-abi=soft -mthumb -o "Drivers/STM32U0xx_HAL_Driver/Src/stm32u0xx_hal_cryp.o"
arm-none-eabi-gcc "../Drivers/STM32U0xx_HAL_Driver/Src/stm32u0xx_hal_cryp_ex.c" -mcpu=cortex-m0plus -std=gnu11 -g3 -DDEBUG -DUSE_NUCLEO_64 -DUSE_HAL_DRIVER -DSTM32U083xx -c -I../Core/Inc -I../Drivers/STM32U0xx_HAL_Driver/Inc -I../Drivers/STM32U0xx_HAL_Driver/Inc/Legacy -I../Drivers/BSP/STM32U0xx_Nucleo -I../Drivers/CMSIS/Device/ST/STM32U0xx/Include -I../Drivers/CMSIS/Include -O0 -ffunction-sections -fdata-sections -Wall -fstack-usage -fcyclomatic-complexity -MMD -MP -MF"Drivers/STM32U0xx_HAL_Driver/Src/stm32u0xx_hal_cryp_ex.d" -MT"Drivers/STM32U0xx_HAL_Driver/Src/stm32u0xx_hal_cryp_ex.o" --specs=nano.specs -mfloat-abi=soft -mthumb -o "Drivers/STM32U0xx_HAL_Driver/Src/stm32u0xx_hal_cryp_ex.o"
arm-none-eabi-gcc "../Drivers/STM32U0xx_HAL_Driver/Src/stm32u0xx_hal_dma.c" -mcpu=cortex-m0plus -std=gnu11 -g3 -DDEBUG -DUSE_NUCLEO_64 -DUSE_HAL_DRIVER -DSTM32U083xx -c -I../Core/Inc -I../Drivers/STM32U0xx_HAL_Driver/Inc -I../Drivers/STM32U0xx_HAL_Driver/Inc/Legacy -I../Drivers/BSP/STM32U0xx_Nucleo -I../Drivers/CMSIS/Device/ST/STM32U0xx/Include -I../Drivers/CMSIS/Include -O0 -ffunction-sections -fdata-sections -Wall -fstack-usage -fcyclomatic-complexity -MMD -MP -MF"Drivers/STM32U0xx_HAL_Driver/Src/stm32u0xx_hal_dma.d" -MT"Drivers/STM32U0xx_HAL_Driver/Src/stm32u0xx_hal_dma.o" --specs=nano.specs -mfloat-abi=soft -mthumb -o "Drivers/STM32U0xx_HAL_Driver/Src/stm32u0xx_hal_dma.o"
arm-none-eabi-gcc "../Drivers/STM32U0xx_HAL_Driver/Src/stm32u0xx_hal_dma_ex.c" -mcpu=cortex-m0plus -std=gnu11 -g3 -DDEBUG -DUSE_NUCLEO_64 -DUSE_HAL_DRIVER -DSTM32U083xx -c -I../Core/Inc -I../Drivers/STM32U0xx_HAL_Driver/Inc -I../Drivers/STM32U0xx_HAL_Driver/Inc/Legacy -I../Drivers/BSP/STM32U0xx_Nucleo -I../Drivers/CMSIS/Device/ST/STM32U0xx/Include -I../Drivers/CMSIS/Include -O0 -ffunction-sections -fdata-sections -Wall -fstack-usage -fcyclomatic-complexity -MMD -MP -MF"Drivers/STM32U0xx_HAL_Driver/Src/stm32u0xx_hal_dma_ex.d" -MT"Drivers/STM32U0xx_HAL_Driver/Src/stm32u0xx_hal_dma_ex.o" --specs=nano.specs -mfloat-abi=soft -mthumb -o "Drivers/STM32U0xx_HAL_Driver/Src/stm32u0xx_hal_dma_ex.o"
arm-none-eabi-gcc "../Drivers/STM32U0xx_HAL_Driver/Src/stm32u0xx_hal_exti.c" -mcpu=cortex-m0plus -std=gnu11 -g3 -DDEBUG -DUSE_NUCLEO_64 -DUSE_HAL_DRIVER -DSTM32U083xx -c -I../Core/Inc -I../Drivers/STM32U0xx_HAL_Driver/Inc -I../Drivers/STM32U0xx_HAL_Driver/Inc/Legacy -I../Drivers/BSP/STM32U0xx_Nucleo -I../Drivers/CMSIS/Device/ST/STM32U0xx/Include -I../Drivers/CMSIS/Include -O0 -ffunction-sections -fdata-sections -Wall -fstack-usage -fcyclomatic-complexity -MMD -MP -MF"Drivers/STM32U0xx_HAL_Driver/Src/stm32u0xx_hal_exti.d" -MT"Drivers/STM32U0xx_HAL_Driver/Src/stm32u0xx_hal_exti.o" --specs=nano.specs -mfloat-abi=soft -mthumb -o "Drivers/STM32U0xx_HAL_Driver/Src/stm32u0xx_hal_exti.o"
arm-none-eabi-gcc "../Drivers/STM32U0xx_HAL_Driver/Src/stm32u0xx_hal_flash.c" -mcpu=cortex-m0plus -std=gnu11 -g3 -DDEBUG -DUSE_NUCLEO_64 -DUSE_HAL_DRIVER -DSTM32U083xx -c -I../Core/Inc -I../Drivers/STM32U0xx_HAL_Driver/Inc -I../Drivers/STM32U0xx_HAL_Driver/Inc/Legacy -I../Drivers/BSP/STM32U0xx_Nucleo -I../Drivers/CMSIS/Device/ST/STM32U0xx/Include -I../Drivers/CMSIS/Include -O0 -ffunction-sections -fdata-sections -Wall -fstack-usage -fcyclomatic-complexity -MMD -MP -MF"Drivers/STM32U0xx_HAL_Driver/Src/stm32u0xx_hal_flash.d" -MT"Drivers/STM32U0xx_HAL_Driver/Src/stm32u0xx_hal_flash.o" --specs=nano.specs -mfloat-abi=soft -mthumb -o "Drivers/STM32U0xx_HAL_Driver/Src/stm32u0xx_hal_flash.o"
arm-none-eabi-gcc "../Drivers/STM32U0xx_HAL_Driver/Src/stm32u0xx_hal_flash_ex.c" -mcpu=cortex-m0plus -std=gnu11 -g3 -DDEBUG -DUSE_NUCLEO_64 -DUSE_HAL_DRIVER -DSTM32U083xx -c -I../Core/Inc -I../Drivers/STM32U0xx_HAL_Driver/Inc -I../Drivers/STM32U0xx_HAL_Driver/Inc/Legacy -I../Drivers/BSP/STM32U0xx_Nucleo -I../Drivers/CMSIS/Device/ST/STM32U0xx/Include -I../Drivers/CMSIS/Include -O0 -ffunction-sections -fdata-sections -Wall -fstack-usage -fcyclomatic-complexity -MMD -MP -MF"Drivers/STM32U0xx_HAL_Driver/Src/stm32u0xx_hal_flash_ex.d" -MT"Drivers/STM32U0xx_HAL_Driver/Src/stm32u0xx_hal_flash_ex.o" --specs=nano.specs -mfloat-abi=soft -mthumb -o "Drivers/STM32U0xx_HAL_Driver/Src/stm32u0xx_hal_flash_ex.o"
arm-none-eabi-gcc "../Drivers/STM32U0xx_HAL_Driver/Src/stm32u0xx_hal_gpio.c" -mcpu=cortex-m0plus -std=gnu11 -g3 -DDEBUG -DUSE_NUCLEO_64 -DUSE_HAL_DRIVER -DSTM32U083xx -c -I../Core/Inc -I../Drivers/STM32U0xx_HAL_Driver/Inc -I../Drivers/STM32U0xx_HAL_Driver/Inc/Legacy -I../Drivers/BSP/STM32U0xx_Nucleo -I../Drivers/CMSIS/Device/ST/STM32U0xx/Include -I../Drivers/CMSIS/Include -O0 -ffunction-sections -fdata-sections -Wall -fstack-usage -fcyclomatic-complexity -MMD -MP -MF"Drivers/STM32U0xx_HAL_Driver/Src/stm32u0xx_hal_gpio.d" -MT"Drivers/STM32U0xx_HAL_Driver/Src/stm32u0xx_hal_gpio.o" --specs=nano.specs -mfloat-abi=soft -mthumb -o "Drivers/STM32U0xx_HAL_Driver/Src/stm32u0xx_hal_gpio.o"
arm-none-eabi-gcc "../Drivers/STM32U0xx_HAL_Driver/Src/stm32u0xx_hal_pwr.c" -mcpu=cortex-m0plus -std=gnu11 -g3 -DDEBUG -DUSE_NUCLEO_64 -DUSE_HAL_DRIVER -DSTM32U083xx -c -I../Core/Inc -I../Drivers/STM32U0xx_HAL_Driver/Inc -I../Drivers/STM32U0xx_HAL_Driver/Inc/Legacy -I../Drivers/BSP/STM32U0xx_Nucleo -I../Drivers/CMSIS/Device/ST/STM32U0xx/Include -I../Drivers/CMSIS/Include -O0 -ffunction-sections -fdata-sections -Wall -fstack-usage -fcyclomatic-complexity -MMD -MP -MF"Drivers/STM32U0xx_HAL_Driver/Src/stm32u0xx_hal_pwr.d" -MT"Drivers/STM32U0xx_HAL_Driver/Src/stm32u0xx_hal_pwr.o" --specs=nano.specs -mfloat-abi=soft -mthumb -o "Drivers/STM32U0xx_HAL_Driver/Src/stm32u0xx_hal_pwr.o"
arm-none-eabi-gcc "../Drivers/STM32U0xx_HAL_Driver/Src/stm32u0xx_hal_pwr_ex.c" -mcpu=cortex-m0plus -std=gnu11 -g3 -DDEBUG -DUSE_NUCLEO_64 -DUSE_HAL_DRIVER -DSTM32U083xx -c -I../Core/Inc -I../Drivers/STM32U0xx_HAL_Driver/Inc -I../Drivers/STM32U0xx_HAL_Driver/Inc/Legacy -I../Drivers/BSP/STM32U0xx_Nucleo -I../Drivers/CMSIS/Device/ST/STM32U0xx/Include -I../Drivers/CMSIS/Include -O0 -ffunction-sections -fdata-sections -Wall -fstack-usage -fcyclomatic-complexity -MMD -MP -MF"Drivers/STM32U0xx_HAL_Driver/Src/stm32u0xx_hal_pwr_ex.d" -MT"Drivers/STM32U0xx_HAL_Driver/Src/stm32u0xx_hal_pwr_ex.o" --specs=nano.specs -mfloat-abi=soft -mthumb -o "Drivers/STM32U0xx_HAL_Driver/Src/stm32u0xx_hal_pwr_ex.o"
arm-none-eabi-gcc "../Drivers/STM32U0xx_HAL_Driver/Src/stm32u0xx_hal_rcc.c" -mcpu=cortex-m0plus -std=gnu11 -g3 -DDEBUG -DUSE_NUCLEO_64 -DUSE_HAL_DRIVER -DSTM32U083xx -c -I../Core/Inc -I../Drivers/STM32U0xx_HAL_Driver/Inc -I../Drivers/STM32U0xx_HAL_Driver/Inc/Legacy -I../Drivers/BSP/STM32U0xx_Nucleo -I../Drivers/CMSIS/Device/ST/STM32U0xx/Include -I../Drivers/CMSIS/Include -O0 -ffunction-sections -fdata-sections -Wall -fstack-usage -fcyclomatic-complexity -MMD -MP -MF"Drivers/STM32U0xx_HAL_Driver/Src/stm32u0xx_hal_rcc.d" -MT"Drivers/STM32U0xx_HAL_Driver/Src/stm32u0xx_hal_rcc.o" --specs=nano.specs -mfloat-abi=soft -mthumb -o "Drivers/STM32U0xx_HAL_Driver/Src/stm32u0xx_hal_rcc.o"
arm-none-eabi-gcc "../Drivers/STM32U0xx_HAL_Driver/Src/stm32u0xx_hal_rcc_ex.c" -mcpu=cortex-m0plus -std=gnu11 -g3 -DDEBUG -DUSE_NUCLEO_64 -DUSE_HAL_DRIVER -DSTM32U083xx -c -I../Core/Inc -I../Drivers/STM32U0xx_HAL_Driver/Inc -I../Drivers/STM32U0xx_HAL_Driver/Inc/Legacy -I../Drivers/BSP/STM32U0xx_Nucleo -I../Drivers/CMSIS/Device/ST/STM32U0xx/Include -I../Drivers/CMSIS/Include -O0 -ffunction-sections -fdata-sections -Wall -fstack-usage -fcyclomatic-complexity -MMD -MP -MF"Drivers/STM32U0xx_HAL_Driver/Src/stm32u0xx_hal_rcc_ex.d" -MT"Drivers/STM32U0xx_HAL_Driver/Src/stm32u0xx_hal_rcc_ex.o" --specs=nano.specs -mfloat-abi=soft -mthumb -o "Drivers/STM32U0xx_HAL_Driver/Src/stm32u0xx_hal_rcc_ex.o"
arm-none-eabi-gcc "../Drivers/STM32U0xx_HAL_Driver/Src/stm32u0xx_hal_rng.c" -mcpu=cortex-m0plus -std=gnu11 -g3 -DDEBUG -DUSE_NUCLEO_64 -DUSE_HAL_DRIVER -DSTM32U083xx -c -I../Core/Inc -I../Drivers/STM32U0xx_HAL_Driver/Inc -I../Drivers/STM32U0xx_HAL_Driver/Inc/Legacy -I../Drivers/BSP/STM32U0xx_Nucleo -I../Drivers/CMSIS/Device/ST/STM32U0xx/Include -I../Drivers/CMSIS/Include -O0 -ffunction-sections -fdata-sections -Wall -fstack-usage -fcyclomatic-complexity -MMD -MP -MF"Drivers/STM32U0xx_HAL_Driver/Src/stm32u0xx_hal_rng.d" -MT"Drivers/STM32U0xx_HAL_Driver/Src/stm32u0xx_hal_rng.o" --specs=nano.specs -mfloat-abi=soft -mthumb -o "Drivers/STM32U0xx_HAL_Driver/Src/stm32u0xx_hal_rng.o"
arm-none-eabi-gcc "../Drivers/STM32U0xx_HAL_Driver/Src/stm32u0xx_hal_rng_ex.c" -mcpu=cortex-m0plus -std=gnu11 -g3 -DDEBUG -DUSE_NUCLEO_64 -DUSE_HAL_DRIVER -DSTM32U083xx -c -I../Core/Inc -I../Drivers/STM32U0xx_HAL_Driver/Inc -I../Drivers/STM32U0xx_HAL_Driver/Inc/Legacy -I../Drivers/BSP/STM32U0xx_Nucleo -I../Drivers/CMSIS/Device/ST/STM32U0xx/Include -I../Drivers/CMSIS/Include -O0 -ffunction-sections -fdata-sections -Wall -fstack-usage -fcyclomatic-complexity -MMD -MP -MF"Drivers/STM32U0xx_HAL_Driver/Src/stm32u0xx_hal_rng_ex.d" -MT"Drivers/STM32U0xx_HAL_Driver/Src/stm32u0xx_hal_rng_ex.o" --specs=nano.specs -mfloat-abi=soft -mthumb -o "Drivers/STM32U0xx_HAL_Driver/Src/stm32u0xx_hal_rng_ex.o"
arm-none-eabi-gcc "../Drivers/STM32U0xx_HAL_Driver/Src/stm32u0xx_hal_uart.c" -mcpu=cortex-m0plus -std=gnu11 -g3 -DDEBUG -DUSE_NUCLEO_64 -DUSE_HAL_DRIVER -DSTM32U083xx -c -I../Core/Inc -I../Drivers/STM32U0xx_HAL_Driver/Inc -I../Drivers/STM32U0xx_HAL_Driver/Inc/Legacy -I../Drivers/BSP/STM32U0xx_Nucleo -I../Drivers/CMSIS/Device/ST/STM32U0xx/Include -I../Drivers/CMSIS/Include -O0 -ffunction-sections -fdata-sections -Wall -fstack-usage -fcyclomatic-complexity -MMD -MP -MF"Drivers/STM32U0xx_HAL_Driver/Src/stm32u0xx_hal_uart.d" -MT"Drivers/STM32U0xx_HAL_Driver/Src/stm32u0xx_hal_uart.o" --specs=nano.specs -mfloat-abi=soft -mthumb -o "Drivers/STM32U0xx_HAL_Driver/Src/stm32u0xx_hal_uart.o"
arm-none-eabi-gcc "../Drivers/STM32U0xx_HAL_Driver/Src/stm32u0xx_hal_uart_ex.c" -mcpu=cortex-m0plus -std=gnu11 -g3 -DDEBUG -DUSE_NUCLEO_64 -DUSE_HAL_DRIVER -DSTM32U083xx -c -I../Core/Inc -I../Drivers/STM32U0xx_HAL_Driver/Inc -I../Drivers/STM32U0xx_HAL_Driver/Inc/Legacy -I../Drivers/BSP/STM32U0xx_Nucleo -I../Drivers/CMSIS/Device/ST/STM32U0xx/Include -I../Drivers/CMSIS/Include -O0 -ffunction-sections -fdata-sections -Wall -fstack-usage -fcyclomatic-complexity -MMD -MP -MF"Drivers/STM32U0xx_HAL_Driver/Src/stm32u0xx_hal_uart_ex.d" -MT"Drivers/STM32U0xx_HAL_Driver/Src/stm32u0xx_hal_uart_ex.o" --specs=nano.specs -mfloat-abi=soft -mthumb -o "Drivers/STM32U0xx_HAL_Driver/Src/stm32u0xx_hal_uart_ex.o"
arm-none-eabi-gcc "../Drivers/STM32U0xx_HAL_Driver/Src/stm32u0xx_hal_usart.c" -mcpu=cortex-m0plus -std=gnu11 -g3 -DDEBUG -DUSE_NUCLEO_64 -DUSE_HAL_DRIVER -DSTM32U083xx -c -I../Core/Inc -I../Drivers/STM32U0xx_HAL_Driver/Inc -I../Drivers/STM32U0xx_HAL_Driver/Inc/Legacy -I../Drivers/BSP/STM32U0xx_Nucleo -I../Drivers/CMSIS/Device/ST/STM32U0xx/Include -I../Drivers/CMSIS/Include -O0 -ffunction-sections -fdata-sections -Wall -fstack-usage -fcyclomatic-complexity -MMD -MP -MF"Drivers/STM32U0xx_HAL_Driver/Src/stm32u0xx_hal_usart.d" -MT"Drivers/STM32U0xx_HAL_Driver/Src/stm32u0xx_hal_usart.o" --specs=nano.specs -mfloat-abi=soft -mthumb -o "Drivers/STM32U0xx_HAL_Driver/Src/stm32u0xx_hal_usart.o"
arm-none-eabi-gcc "../Drivers/STM32U0xx_HAL_Driver/Src/stm32u0xx_hal_usart_ex.c" -mcpu=cortex-m0plus -std=gnu11 -g3 -DDEBUG -DUSE_NUCLEO_64 -DUSE_HAL_DRIVER -DSTM32U083xx -c -I../Core/Inc -I../Drivers/STM32U0xx_HAL_Driver/Inc -I../Drivers/STM32U0xx_HAL_Driver/Inc/Legacy -I../Drivers/BSP/STM32U0xx_Nucleo -I../Drivers/CMSIS/Device/ST/STM32U0xx/Include -I../Drivers/CMSIS/Include -O0 -ffunction-sections -fdata-sections -Wall -fstack-usage -fcyclomatic-complexity -MMD -MP -MF"Drivers/STM32U0xx_HAL_Driver/Src/stm32u0xx_hal_usart_ex.d" -MT"Drivers/STM32U0xx_HAL_Driver/Src/stm32u0xx_hal_usart_ex.o" --specs=nano.specs -mfloat-abi=soft -mthumb -o "Drivers/STM32U0xx_HAL_Driver/Src/stm32u0xx_hal_usart_ex.o"
arm-none-eabi-gcc "../Drivers/STM32U0xx_HAL_Driver/Src/stm32u0xx_ll_rng.c" -mcpu=cortex-m0plus -std=gnu11 -g3 -DDEBUG -DUSE_NUCLEO_64 -DUSE_HAL_DRIVER -DSTM32U083xx -c -I../Core/Inc -I../Drivers/STM32U0xx_HAL_Driver/Inc -I../Drivers/STM32U0xx_HAL_Driver/Inc/Legacy -I../Drivers/BSP/STM32U0xx_Nucleo -I../Drivers/CMSIS/Device/ST/STM32U0xx/Include -I../Drivers/CMSIS/Include -O0 -ffunction-sections -fdata-sections -Wall -fstack-usage -fcyclomatic-complexity -MMD -MP -MF"Drivers/STM32U0xx_HAL_Driver/Src/stm32u0xx_ll_rng.d" -MT"Drivers/STM32U0xx_HAL_Driver/Src/stm32u0xx_ll_rng.o" --specs=nano.specs -mfloat-abi=soft -mthumb -o "Drivers/STM32U0xx_HAL_Driver/Src/stm32u0xx_ll_rng.o"
arm-none-eabi-gcc "../Drivers/BSP/STM32U0xx_Nucleo/stm32u0xx_nucleo.c" -mcpu=cortex-m0plus -std=gnu11 -g3 -DDEBUG -DUSE_NUCLEO_64 -DUSE_HAL_DRIVER -DSTM32U083xx -c -I../Core/Inc -I../Drivers/STM32U0xx_HAL_Driver/Inc -I../Drivers/STM32U0xx_HAL_Driver/Inc/Legacy -I../Drivers/BSP/STM32U0xx_Nucleo -I../Drivers/CMSIS/Device/ST/STM32U0xx/Include -I../Drivers/CMSIS/Include -O0 -ffunction-sections -fdata-sections -Wall -fstack-usage -fcyclomatic-complexity -MMD -MP -MF"Drivers/BSP/STM32U0xx_Nucleo/stm32u0xx_nucleo.d" -MT"Drivers/BSP/STM32U0xx_Nucleo/stm32u0xx_nucleo.o" --specs=nano.specs -mfloat-abi=soft -mthumb -o "Drivers/BSP/STM32U0xx_Nucleo/stm32u0xx_nucleo.o"
arm-none-eabi-gcc -mcpu=cortex-m0plus -g3 -DDEBUG -c -x assembler-with-cpp -MMD -MP -MF"Core/Startup/startup_stm32u083rctx.d" -MT"Core/Startup/startup_stm32u083rctx.o" --specs=nano.specs -mfloat-abi=soft -mthumb -o "Core/Startup/startup_stm32u083rctx.o" "../Core/Startup/startup_stm32u083rctx.s"
arm-none-eabi-gcc "../Core/Src/aes.c" -mcpu=cortex-m0plus -std=gnu11 -g3 -DDEBUG -DUSE_NUCLEO_64 -DUSE_HAL_DRIVER -DSTM32U083xx -c -I../Core/Inc -I../Drivers/STM32U0xx_HAL_Driver/Inc -I../Drivers/STM32U0xx_HAL_Driver/Inc/Legacy -I../Drivers/BSP/STM32U0xx_Nucleo -I../Drivers/CMSIS/Device/ST/STM32U0xx/Include -I../Drivers/CMSIS/Include -O0 -ffunction-sections -fdata-sections -Wall -fstack-usage -fcyclomatic-complexity -MMD -MP -MF"Core/Src/aes.d" -MT"Core/Src/aes.o" --specs=nano.specs -mfloat-abi=soft -mthumb -o "Core/Src/aes.o"
arm-none-eabi-gcc "../Core/Src/dma.c" -mcpu=cortex-m0plus -std=gnu11 -g3 -DDEBUG -DUSE_NUCLEO_64 -DUSE_HAL_DRIVER -DSTM32U083xx -c -I../Core/Inc -I../Drivers/STM32U0xx_HAL_Driver/Inc -I../Drivers/STM32U0xx_HAL_Driver/Inc/Legacy -I../Drivers/BSP/STM32U0xx_Nucleo -I../Drivers/CMSIS/Device/ST/STM32U0xx/Include -I../Drivers/CMSIS/Include -O0 -ffunction-sections -fdata-sections -Wall -fstack-usage -fcyclomatic-complexity -MMD -MP -MF"Core/Src/dma.d" -MT"Core/Src/dma.o" --specs=nano.specs -mfloat-abi=soft -mthumb -o "Core/Src/dma.o"
arm-none-eabi-gcc "../Core/Src/gpio.c" -mcpu=cortex-m0plus -std=gnu11 -g3 -DDEBUG -DUSE_NUCLEO_64 -DUSE_HAL_DRIVER -DSTM32U083xx -c -I../Core/Inc -I../Drivers/STM32U0xx_HAL_Driver/Inc -I../Drivers/STM32U0xx_HAL_Driver/Inc/Legacy -I../Drivers/BSP/STM32U0xx_Nucleo -I../Drivers/CMSIS/Device/ST/STM32U0xx/Include -I../Drivers/CMSIS/Include -O0 -ffunction-sections -fdata-sections -Wall -fstack-usage -fcyclomatic-complexity -MMD -MP -MF"Core/Src/gpio.d" -MT"Core/Src/gpio.o" --specs=nano.specs -mfloat-abi=soft -mthumb -o "Core/Src/gpio.o"
arm-none-eabi-gcc "../Core/Src/main.c" -mcpu=cortex-m0plus -std=gnu11 -g3 -DDEBUG -DUSE_NUCLEO_64 -DUSE_HAL_DRIVER -DSTM32U083xx -c -I../Core/Inc -I../Drivers/STM32U0xx_HAL_Driver/Inc -I../Drivers/STM32U0xx_HAL_Driver/Inc/Legacy -I../Drivers/BSP/STM32U0xx_Nucleo -I../Drivers/CMSIS/Device/ST/STM32U0xx/Include -I../Drivers/CMSIS/Include -O0 -ffunction-sections -fdata-sections -Wall -fstack-usage -fcyclomatic-complexity -MMD -MP -MF"Core/Src/main.d" -MT"Core/Src/main.o" --specs=nano.specs -mfloat-abi=soft -mthumb -o "Core/Src/main.o"
arm-none-eabi-gcc "../Core/Src/rng.c" -mcpu=cortex-m0plus -std=gnu11 -g3 -DDEBUG -DUSE_NUCLEO_64 -DUSE_HAL_DRIVER -DSTM32U083xx -c -I../Core/Inc -I../Drivers/STM32U0xx_HAL_Driver/Inc -I../Drivers/STM32U0xx_HAL_Driver/Inc/Legacy -I../Drivers/BSP/STM32U0xx_Nucleo -I../Drivers/CMSIS/Device/ST/STM32U0xx/Include -I../Drivers/CMSIS/Include -O0 -ffunction-sections -fdata-sections -Wall -fstack-usage -fcyclomatic-complexity -MMD -MP -MF"Core/Src/rng.d" -MT"Core/Src/rng.o" --specs=nano.specs -mfloat-abi=soft -mthumb -o "Core/Src/rng.o"
arm-none-eabi-gcc "../Core/Src/stm32u0xx_hal_msp.c" -mcpu=cortex-m0plus -std=gnu11 -g3 -DDEBUG -DUSE_NUCLEO_64 -DUSE_HAL_DRIVER -DSTM32U083xx -c -I../Core/Inc -I../Drivers/STM32U0xx_HAL_Driver/Inc -I../Drivers/STM32U0xx_HAL_Driver/Inc/Legacy -I../Drivers/BSP/STM32U0xx_Nucleo -I../Drivers/CMSIS/Device/ST/STM32U0xx/Include -I../Drivers/CMSIS/Include -O0 -ffunction-sections -fdata-sections -Wall -fstack-usage -fcyclomatic-complexity -MMD -MP -MF"Core/Src/stm32u0xx_hal_msp.d" -MT"Core/Src/stm32u0xx_hal_msp.o" --specs=nano.specs -mfloat-abi=soft -mthumb -o "Core/Src/stm32u0xx_hal_msp.o"
arm-none-eabi-gcc "../Core/Src/stm32u0xx_it.c" -mcpu=cortex-m0plus -std=gnu11 -g3 -DDEBUG -DUSE_NUCLEO_64 -DUSE_HAL_DRIVER -DSTM32U083xx -c -I../Core/Inc -I../Drivers/STM32U0xx_HAL_Driver/Inc -I../Drivers/STM32U0xx_HAL_Driver/Inc/Legacy -I../Drivers/BSP/STM32U0xx_Nucleo -I../Drivers/CMSIS/Device/ST/STM32U0xx/Include -I../Drivers/CMSIS/Include -O0 -ffunction-sections -fdata-sections -Wall -fstack-usage -fcyclomatic-complexity -MMD -MP -MF"Core/Src/stm32u0xx_it.d" -MT"Core/Src/stm32u0xx_it.o" --specs=nano.specs -mfloat-abi=soft -mthumb -o "Core/Src/stm32u0xx_it.o"
arm-none-eabi-gcc "../Core/Src/syscalls.c" -mcpu=cortex-m0plus -std=gnu11 -g3 -DDEBUG -DUSE_NUCLEO_64 -DUSE_HAL_DRIVER -DSTM32U083xx -c -I../Core/Inc -I../Drivers/STM32U0xx_HAL_Driver/Inc -I../Drivers/STM32U0xx_HAL_Driver/Inc/Legacy -I../Drivers/BSP/STM32U0xx_Nucleo -I../Drivers/CMSIS/Device/ST/STM32U0xx/Include -I../Drivers/CMSIS/Include -O0 -ffunction-sections -fdata-sections -Wall -fstack-usage -fcyclomatic-complexity -MMD -MP -MF"Core/Src/syscalls.d" -MT"Core/Src/syscalls.o" --specs=nano.specs -mfloat-abi=soft -mthumb -o "Core/Src/syscalls.o"
arm-none-eabi-gcc "../Core/Src/sysmem.c" -mcpu=cortex-m0plus -std=gnu11 -g3 -DDEBUG -DUSE_NUCLEO_64 -DUSE_HAL_DRIVER -DSTM32U083xx -c -I../Core/Inc -I../Drivers/STM32U0xx_HAL_Driver/Inc -I../Drivers/STM32U0xx_HAL_Driver/Inc/Legacy -I../Drivers/BSP/STM32U0xx_Nucleo -I../Drivers/CMSIS/Device/ST/STM32U0xx/Include -I../Drivers/CMSIS/Include -O0 -ffunction-sections -fdata-sections -Wall -fstack-usage -fcyclomatic-complexity -MMD -MP -MF"Core/Src/sysmem.d" -MT"Core/Src/sysmem.o" --specs=nano.specs -mfloat-abi=soft -mthumb -o "Core/Src/sysmem.o"
arm-none-eabi-gcc "../Core/Src/system_stm32u0xx.c" -mcpu=cortex-m0plus -std=gnu11 -g3 -DDEBUG -DUSE_NUCLEO_64 -DUSE_HAL_DRIVER -DSTM32U083xx -c -I../Core/Inc -I../Drivers/STM32U0xx_HAL_Driver/Inc -I../Drivers/STM32U0xx_HAL_Driver/Inc/Legacy -I../Drivers/BSP/STM32U0xx_Nucleo -I../Drivers/CMSIS/Device/ST/STM32U0xx/Include -I../Drivers/CMSIS/Include -O0 -ffunction-sections -fdata-sections -Wall -fstack-usage -fcyclomatic-complexity -MMD -MP -MF"Core/Src/system_stm32u0xx.d" -MT"Core/Src/system_stm32u0xx.o" --specs=nano.specs -mfloat-abi=soft -mthumb -o "Core/Src/system_stm32u0xx.o"
arm-none-eabi-gcc -o "Nucleo-U083RC_-_RNG_and_AES.elf" @"objects.list"   -mcpu=cortex-m0plus -T"D:\Users\Nauka\STM32CubeIDE\STM32_Monorepo\Nucleo-U083RC\RNG_and_AES\STM32U083RCTX_FLASH.ld" --specs=nosys.specs -Wl,-Map="Nucleo-U083RC_-_RNG_and_AES.map" -Wl,--gc-sections -static --specs=nano.specs -mfloat-abi=soft -mthumb -Wl,--start-group -lc -lm -Wl,--end-group
Finished building target: Nucleo-U083RC_-_RNG_and_AES.elf
 
arm-none-eabi-size  Nucleo-U083RC_-_RNG_and_AES.elf 
arm-none-eabi-objdump -h -S Nucleo-U083RC_-_RNG_and_AES.elf  > "Nucleo-U083RC_-_RNG_and_AES.list"
   text	   data	    bss	    dec	    hex	filename
  30604	    188	   2476	  33268	   81f4	Nucleo-U083RC_-_RNG_and_AES.elf
Finished building: default.size.stdout
 
Finished building: Nucleo-U083RC_-_RNG_and_AES.list
 
